<?xml version="1.0" encoding="utf-8"?><testsuites name="pytest tests"><testsuite name="pytest" errors="0" failures="0" skipped="43" tests="690" time="911.432" timestamp="2026-04-03T01:07:18.158701+00:00" hostname="coder1281aonubuntu2004-s-2vcpu-8gb-amd-nyc3-01"><testcase classname="tests.contracts.test_embedding_model_contract_sync" name="test_backend_embed_request_accepts_canonical_service_field_name" time="0.184" /><testcase classname="tests.contracts.test_embedding_model_contract_sync" name="test_backend_embed_batch_request_accepts_canonical_service_field_name" time="0.001" /><testcase classname="tests.contracts.test_embedding_model_contract_sync" name="test_service_request_field_names_remain_supported_by_backend_models" time="0.014" /><testcase classname="tests.contracts.test_embedding_model_contract_sync" name="test_backend_embed_response_accepts_service_dimensions_field" time="0.001" /><testcase classname="tests.contracts.test_env_sync_contract" name="test_render_yaml_declares_all_contract_required_keys" time="0.108" /><testcase classname="tests.contracts.test_env_sync_contract" name="test_render_staging_mirrors_prod_env_keys" time="0.192" /><testcase classname="tests.contracts.test_env_sync_contract" name="test_modal_proxy_uses_allowed_origins_not_cors_origins" time="0.002" /><testcase classname="tests.contracts.test_env_sync_contract" name="test_gh_workflows_reference_modal_credentials" time="0.012" /><testcase classname="tests.contracts.test_env_sync_contract" name="test_no_localhost_in_render_yaml_endpoint_values" time="0.002" /><testcase classname="tests.contracts.test_env_sync_contract" name="test_no_deprecated_alias_keys_in_render_yaml" time="0.109" /><testcase classname="tests.contracts.test_env_sync_contract" name="test_no_deprecated_alias_keys_in_render_staging_yaml" time="0.085" /><testcase classname="tests.contracts.test_env_sync_contract" name="test_scraper_config_supports_render_postgres_mode" time="0.008" /><testcase classname="tests.contracts.test_env_sync_contract" name="test_data_management_api_uses_canonical_env_keys" time="0.010" /><testcase classname="tests.contracts.test_env_sync_contract" name="test_render_deploy_workflow_gates_deploy_on_ci" time="0.104" /><testcase classname="tests.contracts.test_model_chat_contract_sync" name="test_modal_native_client_payload_matches_model_service_chat_schema" time="0.022" /><testcase classname="tests.integration.test_gateway_v1_matrix_coverage" name="test_gateway_matrix_covers_all_v1_routes" time="0.021" /><testcase classname="tests.live.test_live_ask_flow" name="test_ask_english_question_returns_answer_and_sources" time="0.001"><skipped type="pytest.skip" message="RENDER_GATEWAY_URL not set — skipping live tests">/root/GitHub/VECINA/vecinita/backend/tests/live/test_live_ask_flow.py:28: RENDER_GATEWAY_URL not set — skipping live tests</skipped></testcase><testcase classname="tests.live.test_live_ask_flow" name="test_ask_spanish_question_returns_answer" time="0.000"><skipped type="pytest.skip" message="RENDER_GATEWAY_URL not set — skipping live tests">/root/GitHub/VECINA/vecinita/backend/tests/live/test_live_ask_flow.py:37: RENDER_GATEWAY_URL not set — skipping live tests</skipped></testcase><testcase classname="tests.live.test_live_ask_flow" name="test_ask_request_completes_within_sla" time="0.001"><skipped type="pytest.skip" message="RENDER_GATEWAY_URL not set — skipping live tests">/root/GitHub/VECINA/vecinita/backend/tests/live/test_live_ask_flow.py:44: RENDER_GATEWAY_URL not set — skipping live tests</skipped></testcase><testcase classname="tests.live.test_live_connectivity" name="test_gateway_health_implies_agent_reachable" time="0.000"><skipped type="pytest.skip" message="RENDER_GATEWAY_URL not set — skipping live tests">/root/GitHub/VECINA/vecinita/backend/tests/live/test_live_connectivity.py:11: RENDER_GATEWAY_URL not set — skipping live tests</skipped></testcase><testcase classname="tests.live.test_live_connectivity" name="test_agent_config_shows_proxy_endpoints_not_localhost" time="0.001"><skipped type="pytest.skip" message="RENDER_GATEWAY_URL not set — skipping live tests">/root/GitHub/VECINA/vecinita/backend/tests/live/test_live_connectivity.py:19: RENDER_GATEWAY_URL not set — skipping live tests</skipped></testcase><testcase classname="tests.live.test_live_connectivity" name="test_proxy_auth_enforced_on_unauthenticated_request" time="0.001"><skipped type="pytest.skip" message="RENDER_GATEWAY_URL not set — skipping live tests">/root/GitHub/VECINA/vecinita/backend/tests/live/test_live_connectivity.py:30: RENDER_GATEWAY_URL not set — skipping live tests</skipped></testcase><testcase classname="tests.live.test_live_deploy_verification" name="test_gateway_health_has_status_key" time="0.000"><skipped type="pytest.skip" message="RENDER_GATEWAY_URL not set — skipping live tests">/root/GitHub/VECINA/vecinita/backend/tests/live/test_live_deploy_verification.py:19: RENDER_GATEWAY_URL not set — skipping live tests</skipped></testcase><testcase classname="tests.live.test_live_deploy_verification" name="test_agent_health_has_status_key" time="0.001"><skipped type="pytest.skip" message="RENDER_GATEWAY_URL not set — skipping live tests">/root/GitHub/VECINA/vecinita/backend/tests/live/test_live_deploy_verification.py:25: RENDER_GATEWAY_URL not set — skipping live tests</skipped></testcase><testcase classname="tests.live.test_live_deploy_verification" name="test_agent_config_shows_no_debug_or_test_providers" time="0.001"><skipped type="pytest.skip" message="RENDER_GATEWAY_URL not set — skipping live tests">/root/GitHub/VECINA/vecinita/backend/tests/live/test_live_deploy_verification.py:35: RENDER_GATEWAY_URL not set — skipping live tests</skipped></testcase><testcase classname="tests.live.test_live_deploy_verification" name="test_gateway_cors_preflight_returns_headers" time="0.000"><skipped type="pytest.skip" message="RENDER_GATEWAY_URL not set — skipping live tests">/root/GitHub/VECINA/vecinita/backend/tests/live/test_live_deploy_verification.py:47: RENDER_GATEWAY_URL not set — skipping live tests</skipped></testcase><testcase classname="tests.live.test_live_deploy_verification" name="test_malformed_request_does_not_leak_traceback" time="0.000"><skipped type="pytest.skip" message="RENDER_GATEWAY_URL not set — skipping live tests">/root/GitHub/VECINA/vecinita/backend/tests/live/test_live_deploy_verification.py:63: RENDER_GATEWAY_URL not set — skipping live tests</skipped></testcase><testcase classname="tests.live.test_live_embedding" name="test_agent_config_references_embedding_proxy_path" time="0.001"><skipped type="pytest.skip" message="RENDER_GATEWAY_URL not set — skipping live tests">/root/GitHub/VECINA/vecinita/backend/tests/live/test_live_embedding.py:11: RENDER_GATEWAY_URL not set — skipping live tests</skipped></testcase><testcase classname="tests.live.test_live_health" name="test_frontend_index_returns_200" time="0.000"><skipped type="pytest.skip" message="RENDER_GATEWAY_URL not set — skipping live tests">/root/GitHub/VECINA/vecinita/backend/tests/live/test_live_health.py:24: RENDER_GATEWAY_URL not set — skipping live tests</skipped></testcase><testcase classname="tests.live.test_live_health" name="test_gateway_health_returns_200" time="0.000"><skipped type="pytest.skip" message="RENDER_GATEWAY_URL not set — skipping live tests">/root/GitHub/VECINA/vecinita/backend/tests/live/test_live_health.py:34: RENDER_GATEWAY_URL not set — skipping live tests</skipped></testcase><testcase classname="tests.live.test_live_health" name="test_gateway_documents_overview_not_broken" time="0.000"><skipped type="pytest.skip" message="RENDER_GATEWAY_URL not set — skipping live tests">/root/GitHub/VECINA/vecinita/backend/tests/live/test_live_health.py:41: RENDER_GATEWAY_URL not set — skipping live tests</skipped></testcase><testcase classname="tests.live.test_live_health" name="test_agent_health_returns_200" time="0.001"><skipped type="pytest.skip" message="RENDER_GATEWAY_URL not set — skipping live tests">/root/GitHub/VECINA/vecinita/backend/tests/live/test_live_health.py:56: RENDER_GATEWAY_URL not set — skipping live tests</skipped></testcase><testcase classname="tests.live.test_live_health" name="test_agent_config_endpoint_returns_providers" time="0.000"><skipped type="pytest.skip" message="RENDER_GATEWAY_URL not set — skipping live tests">/root/GitHub/VECINA/vecinita/backend/tests/live/test_live_health.py:61: RENDER_GATEWAY_URL not set — skipping live tests</skipped></testcase><testcase classname="tests.live.test_live_scraper_trigger" name="test_reindex_endpoint_accepts_job_or_requires_auth" time="0.001"><skipped type="pytest.skip" message="RENDER_GATEWAY_URL not set — skipping live tests">/root/GitHub/VECINA/vecinita/backend/tests/live/test_live_scraper_trigger.py:11: RENDER_GATEWAY_URL not set — skipping live tests</skipped></testcase><testcase classname="tests.live.test_live_streaming_e2e" name="test_sse_stream_produces_data_events" time="0.000"><skipped type="pytest.skip" message="RENDER_GATEWAY_URL not set — skipping live tests">/root/GitHub/VECINA/vecinita/backend/tests/live/test_live_streaming_e2e.py:31: RENDER_GATEWAY_URL not set — skipping live tests</skipped></testcase><testcase classname="tests.live.test_live_streaming_e2e" name="test_stream_completes_without_error_event" time="0.001"><skipped type="pytest.skip" message="RENDER_GATEWAY_URL not set — skipping live tests">/root/GitHub/VECINA/vecinita/backend/tests/live/test_live_streaming_e2e.py:38: RENDER_GATEWAY_URL not set — skipping live tests</skipped></testcase><testcase classname="tests.render.test_render_connectivity" name="test_gateway_agent_service_url_is_from_service_binding" time="0.092" /><testcase classname="tests.render.test_render_connectivity" name="test_database_url_bound_from_postgres[vecinita-agent]" time="0.104" /><testcase classname="tests.render.test_render_connectivity" name="test_database_url_bound_from_postgres[vecinita-gateway]" time="0.087" /><testcase classname="tests.render.test_render_connectivity" name="test_model_and_embedding_endpoints_no_localhost_on_render" time="0.044" /><testcase classname="tests.render.test_render_connectivity" name="test_modal_endpoints_use_direct_modal_hosts" time="0.028" /><testcase classname="tests.render.test_render_connectivity" name="test_allowed_origins_read_from_correct_env_key" time="0.022" /><testcase classname="tests.test_agent_deterministic_rag" name="test_ask_answer_seeking_runs_db_search_once_and_returns_sources" time="17.249" /><testcase classname="tests.test_agent_deterministic_rag" name="test_ask_non_answer_intent_skips_db_search" time="0.523" /><testcase classname="tests.test_agent_deterministic_rag" name="test_ask_weak_retrieval_adds_warning_banner" time="6.463" /><testcase classname="tests.test_agent_deterministic_rag" name="test_stream_answer_seeking_runs_db_search_once" time="0.105" /><testcase classname="tests.test_agent_deterministic_rag" name="test_stream_non_answer_intent_skips_db_search" time="0.143" /><testcase classname="tests.test_agent_deterministic_rag" name="test_follow_up_suggestions_are_localized_and_bounded" time="0.001" /><testcase classname="tests.test_agent_deterministic_rag" name="test_normalize_suggested_questions_deduplicates_and_trims" time="0.006" /><testcase classname="tests.test_agent_deterministic_rag" name="test_contextual_follow_up_detection" time="0.005" /><testcase classname="tests.test_agent_deterministic_rag" name="test_ask_contextual_follow_up_uses_prior_answer_context" time="0.129" /><testcase classname="tests.test_agent_deterministic_rag" name="test_stream_spanish_thinking_messages_are_localized" time="0.009" /><testcase classname="tests.test_agent_deterministic_rag" name="test_stream_spanish_rate_limit_error_is_localized" time="0.027" /><testcase classname="tests.test_agent_embedding_auth_startup" name="test_agent_startup_passes_explicit_embedding_auth_token" time="0.485" /><testcase classname="tests.test_agent_embedding_auth_startup" name="test_agent_startup_uses_modal_secret_as_embedding_auth_fallback" time="0.425" /><testcase classname="tests.test_agent_embedding_auth_startup" name="test_agent_forces_local_modal_llm_provider_candidates" time="0.201" /><testcase classname="tests.test_agent_embedding_auth_startup" name="test_modal_native_chat_api_detection" time="0.254" /><testcase classname="tests.test_agent_embedding_auth_startup" name="test_modal_native_chat_client_invoke" time="0.406" /><testcase classname="tests.test_agent_rag_routing" name="test_route_after_tools_grades_when_db_docs_present" time="0.002" /><testcase classname="tests.test_agent_rag_routing" name="test_rank_retrieval_node_emits_ranked_tool_message" time="0.424" /><testcase classname="tests.test_agent_rag_routing" name="test_grade_documents_routes_to_rewrite_when_irrelevant" time="0.004" /><testcase classname="tests.test_agent_rag_routing" name="test_rewrite_question_node_emits_human_message" time="0.021" /><testcase classname="tests.test_agent_rag_routing" name="test_sanitize_messages_drops_orphan_tool_messages" time="0.001" /><testcase classname="tests.test_agent_rag_routing" name="test_sanitize_messages_keeps_tool_messages_with_matching_tool_calls" time="0.001" /><testcase classname="tests.test_agent_rag_routing" name="test_agent_node_invokes_llm_without_orphan_tool_messages" time="0.010" /><testcase classname="tests.test_agent_rag_routing" name="test_is_answer_seeking_query_handles_greetings_and_questions" time="0.001" /><testcase classname="tests.test_agent_rag_routing" name="test_parse_db_search_docs_accepts_valid_json_list_only" time="0.001" /><testcase classname="tests.test_agent_rag_routing" name="test_is_weak_retrieval_uses_similarity_threshold" time="0.001" /><testcase classname="tests.test_agent_rag_routing" name="test_deterministic_rag_answer_falls_back_when_llm_unavailable" time="0.001" /><testcase classname="tests.test_agent_startup_preflight" name="test_run_startup_preflight_ok" time="0.002" /><testcase classname="tests.test_agent_startup_preflight" name="test_run_startup_preflight_degraded_postgres" time="0.002" /><testcase classname="tests.test_agent_startup_preflight" name="test_health_exposes_readiness" time="0.011" /><testcase classname="tests.test_agent_startup_preflight" name="test_probe_guardrails_strict_requires_hub" time="0.002" /><testcase classname="tests.test_agent_startup_preflight" name="test_probe_guardrails_allows_local_fallback_when_not_strict" time="0.002" /><testcase classname="tests.test_agent_system_rules_prompt" name="test_system_rules_cover_summary_and_vague_requests" time="0.008" /><testcase classname="tests.test_api.test_gateway_job_manager.TestAsyncJobManagerBasics" name="test_create_job" time="0.015" /><testcase classname="tests.test_api.test_gateway_job_manager.TestAsyncJobManagerBasics" name="test_get_job" time="0.002" /><testcase classname="tests.test_api.test_gateway_job_manager.TestAsyncJobManagerBasics" name="test_get_nonexistent_job" time="0.014" /><testcase classname="tests.test_api.test_gateway_job_manager.TestAsyncJobManagerBasics" name="test_job_metadata" time="0.002" /><testcase classname="tests.test_api.test_gateway_job_manager.TestJobStatusTransitions" name="test_transition_to_running" time="0.003" /><testcase classname="tests.test_api.test_gateway_job_manager.TestJobStatusTransitions" name="test_transition_to_completed" time="0.003" /><testcase classname="tests.test_api.test_gateway_job_manager.TestJobStatusTransitions" name="test_transition_to_failed" time="0.002" /><testcase classname="tests.test_api.test_gateway_job_manager.TestJobStatusTransitions" name="test_transition_to_cancelled" time="0.014" /><testcase classname="tests.test_api.test_gateway_job_manager.TestJobStatusTransitions" name="test_cannot_cancel_completed_job" time="0.003" /><testcase classname="tests.test_api.test_gateway_job_manager.TestJobListing" name="test_list_jobs_empty" time="0.003" /><testcase classname="tests.test_api.test_gateway_job_manager.TestJobListing" name="test_list_jobs_multiple" time="0.002" /><testcase classname="tests.test_api.test_gateway_job_manager.TestJobListing" name="test_list_jobs_pagination" time="0.003" /><testcase classname="tests.test_api.test_gateway_job_manager.TestJobListing" name="test_list_jobs_ordered_by_date" time="0.034" /><testcase classname="tests.test_api.test_gateway_job_manager.TestJobCleanup" name="test_cleanup_old_jobs" time="0.002" /><testcase classname="tests.test_api.test_gateway_job_manager.TestJobCleanup" name="test_cleanup_preserves_recent_jobs" time="0.002" /><testcase classname="tests.test_api.test_gateway_job_manager.TestJobResultManagement" name="test_set_job_result" time="0.007" /><testcase classname="tests.test_api.test_gateway_job_manager.TestJobResultManagement" name="test_set_result_nonexistent_job" time="0.003" /><testcase classname="tests.test_api.test_gateway_job_manager.TestJobManagerStats" name="test_get_stats_empty" time="0.002" /><testcase classname="tests.test_api.test_gateway_job_manager.TestJobManagerStats" name="test_get_stats_with_jobs" time="0.002" /><testcase classname="tests.test_api.test_gateway_job_manager.TestConcurrency" name="test_concurrent_job_creation" time="0.003" /><testcase classname="tests.test_api.test_gateway_job_manager.TestConcurrency" name="test_concurrent_status_updates" time="0.003" /><testcase classname="tests.test_api.test_gateway_main.TestGatewayInitialization" name="test_app_creation" time="0.526" /><testcase classname="tests.test_api.test_gateway_main.TestGatewayInitialization" name="test_app_version" time="0.002" /><testcase classname="tests.test_api.test_gateway_main.TestGatewayRootEndpoints" name="test_root_endpoint" time="0.299" /><testcase classname="tests.test_api.test_gateway_main.TestGatewayRootEndpoints" name="test_root_endpoint_structure" time="0.328" /><testcase classname="tests.test_api.test_gateway_main.TestGatewayRootEndpoints" name="test_root_endpoint_environment" time="0.406" /><testcase classname="tests.test_api.test_gateway_main.TestGatewayRootEndpoints" name="test_health_check_endpoint" time="0.391" /><testcase classname="tests.test_api.test_gateway_main.TestGatewayRootEndpoints" name="test_health_check_structure" time="0.281" /><testcase classname="tests.test_api.test_gateway_main.TestGatewayRootEndpoints" name="test_config_endpoint" time="0.370" /><testcase classname="tests.test_api.test_gateway_main.TestGatewayRouterInclusion" name="test_ask_router_included" time="0.389" /><testcase classname="tests.test_api.test_gateway_main.TestGatewayRouterInclusion" name="test_scrape_router_included" time="15.265" /><testcase classname="tests.test_api.test_gateway_main.TestGatewayRouterInclusion" name="test_embed_router_included" time="0.998" /><testcase classname="tests.test_api.test_gateway_main.TestCORSConfiguration" name="test_cors_headers_present" time="0.347" /><testcase classname="tests.test_api.test_gateway_main.TestCORSConfiguration" name="test_cors_allows_all_origins" time="0.330" /><testcase classname="tests.test_api.test_gateway_main.TestOpenAPIDocumentation" name="test_openapi_json_endpoint" time="0.922" /><testcase classname="tests.test_api.test_gateway_main.TestOpenAPIDocumentation" name="test_swagger_docs_endpoint" time="0.366" /><testcase classname="tests.test_api.test_gateway_main.TestOpenAPIDocumentation" name="test_redoc_endpoint_exists" time="0.471" /><testcase classname="tests.test_api.test_gateway_main.TestErrorHandling" name="test_404_not_found" time="0.334" /><testcase classname="tests.test_api.test_gateway_main.TestErrorHandling" name="test_invalid_json_request" time="1.926" /><testcase classname="tests.test_api.test_gateway_main.TestErrorHandling" name="test_missing_required_field" time="0.205" /><testcase classname="tests.test_api.test_gateway_main.TestErrorHandling" name="test_validation_error_includes_detail" time="0.133" /><testcase classname="tests.test_api.test_gateway_main.TestRequestValidation" name="test_scrape_request_validation_urls_required" time="0.116" /><testcase classname="tests.test_api.test_gateway_main.TestRequestValidation" name="test_scrape_request_validation_urls_nonempty" time="0.101" /><testcase classname="tests.test_api.test_gateway_main.TestRequestValidation" name="test_scrape_request_validation_valid" time="14.410" /><testcase classname="tests.test_api.test_gateway_main.TestRequestValidation" name="test_embed_request_validation_text_required" time="4.677" /><testcase classname="tests.test_api.test_gateway_main.TestRequestValidation" name="test_ask_request_validation_query_required" time="0.108" /><testcase classname="tests.test_api.test_gateway_main.TestEnvironmentConfiguration" name="test_agent_service_url_from_env" time="0.110" /><testcase classname="tests.test_api.test_gateway_main.TestEnvironmentConfiguration" name="test_embedding_service_url_from_env" time="0.138" /><testcase classname="tests.test_api.test_gateway_main.TestEnvironmentConfiguration" name="test_max_urls_per_request_from_env" time="0.113" /><testcase classname="tests.test_api.test_gateway_main.TestEnvironmentConfiguration" name="test_job_retention_hours_from_env" time="0.094" /><testcase classname="tests.test_api.test_gateway_main.TestAPIStructure" name="test_all_api_endpoints_prefixed" time="0.093" /><testcase classname="tests.test_api.test_gateway_main.TestAPIStructure" name="test_versioning_in_paths" time="0.109" /><testcase classname="tests.test_api.test_gateway_models.TestScrapeModels" name="test_scrape_request_valid" time="0.001" /><testcase classname="tests.test_api.test_gateway_models.TestScrapeModels" name="test_scrape_request_multiple_urls" time="0.001" /><testcase classname="tests.test_api.test_gateway_models.TestScrapeModels" name="test_scrape_request_empty_urls_invalid" time="0.001" /><testcase classname="tests.test_api.test_gateway_models.TestScrapeModels" name="test_scrape_request_loader_type_enum" time="0.001" /><testcase classname="tests.test_api.test_gateway_models.TestScrapeModels" name="test_scrape_response" time="0.001" /><testcase classname="tests.test_api.test_gateway_models.TestScrapeModels" name="test_scrape_job_result" time="0.001" /><testcase classname="tests.test_api.test_gateway_models.TestScrapeModels" name="test_job_status_enum" time="0.001" /><testcase classname="tests.test_api.test_gateway_models.TestScrapeModels" name="test_scrape_job_metadata" time="0.001" /><testcase classname="tests.test_api.test_gateway_models.TestEmbeddingModels" name="test_embed_request" time="0.001" /><testcase classname="tests.test_api.test_gateway_models.TestEmbeddingModels" name="test_embed_request_with_model_override" time="0.001" /><testcase classname="tests.test_api.test_gateway_models.TestEmbeddingModels" name="test_embed_response" time="0.001" /><testcase classname="tests.test_api.test_gateway_models.TestEmbeddingModels" name="test_embed_batch_request" time="0.001" /><testcase classname="tests.test_api.test_gateway_models.TestEmbeddingModels" name="test_embed_batch_request_empty_invalid" time="0.001" /><testcase classname="tests.test_api.test_gateway_models.TestEmbeddingModels" name="test_similarity_request" time="0.001" /><testcase classname="tests.test_api.test_gateway_models.TestEmbeddingModels" name="test_similarity_response" time="0.001" /><testcase classname="tests.test_api.test_gateway_models.TestEmbeddingModels" name="test_embedding_config_response" time="0.001" /><testcase classname="tests.test_api.test_gateway_models.TestAskModels" name="test_ask_request" time="0.001" /><testcase classname="tests.test_api.test_gateway_models.TestAskModels" name="test_ask_request_with_language" time="0.001" /><testcase classname="tests.test_api.test_gateway_models.TestAskModels" name="test_ask_response" time="0.001" /><testcase classname="tests.test_api.test_gateway_models.TestAdminModels" name="test_database_stats" time="0.001" /><testcase classname="tests.test_api.test_gateway_models.TestAdminModels" name="test_document_chunk" time="0.001" /><testcase classname="tests.test_api.test_gateway_models.TestAdminModels" name="test_clean_database_request" time="0.001" /><testcase classname="tests.test_api.test_gateway_models.TestAdminModels" name="test_clean_database_response" time="0.001" /><testcase classname="tests.test_api.test_gateway_models.TestHealthModels" name="test_health_check" time="0.001" /><testcase classname="tests.test_api.test_gateway_models.TestHealthModels" name="test_gateway_config" time="0.001" /><testcase classname="tests.test_api.test_gateway_models.TestHealthModels" name="test_error_response" time="0.001" /><testcase classname="tests.test_api.test_gateway_router_ask.TestAskEndpoint" name="test_ask_question_success" time="0.150" /><testcase classname="tests.test_api.test_gateway_router_ask.TestAskEndpoint" name="test_ask_question_required" time="0.024" /><testcase classname="tests.test_api.test_gateway_router_ask.TestAskEndpoint" name="test_ask_with_thread_id" time="0.020" /><testcase classname="tests.test_api.test_gateway_router_ask.TestAskEndpoint" name="test_ask_with_language_override" time="0.048" /><testcase classname="tests.test_api.test_gateway_router_ask.TestAskEndpoint" name="test_ask_with_provider_and_model" time="0.038" /><testcase classname="tests.test_api.test_gateway_router_ask.TestAskEndpoint" name="test_ask_maps_latency_metadata" time="0.030" /><testcase classname="tests.test_api.test_gateway_router_ask.TestAskEndpoint" name="test_ask_with_tags_and_rerank_params" time="0.033" /><testcase classname="tests.test_api.test_gateway_router_ask.TestAskEndpoint" name="test_ask_timeout_error" time="0.022" /><testcase classname="tests.test_api.test_gateway_router_ask.TestAskEndpoint" name="test_ask_uses_configured_agent_timeout" time="0.035" /><testcase classname="tests.test_api.test_gateway_router_ask.TestAskEndpoint" name="test_ask_agent_service_unavailable" time="0.027" /><testcase classname="tests.test_api.test_gateway_router_ask.TestAskEndpoint" name="test_ask_agent_service_error" time="0.041" /><testcase classname="tests.test_api.test_gateway_router_ask.TestAskEndpoint" name="test_ask_propagates_invalid_api_key_error_details" time="0.038" /><testcase classname="tests.test_api.test_gateway_router_ask.TestAskEndpoint" name="test_ask_spanish_query" time="0.064" /><testcase classname="tests.test_api.test_gateway_router_ask.TestAskStreamEndpoint" name="test_ask_stream_question_required" time="0.038" /><testcase classname="tests.test_api.test_gateway_router_ask.TestAskStreamEndpoint" name="test_ask_stream_success" time="0.066" /><testcase classname="tests.test_api.test_gateway_router_ask.TestAskStreamEndpoint" name="test_ask_stream_with_all_params" time="0.043" /><testcase classname="tests.test_api.test_gateway_router_ask.TestAskStreamEndpoint" name="test_ask_stream_preserves_sse_event_boundaries" time="0.040" /><testcase classname="tests.test_api.test_gateway_router_ask.TestAskConfigEndpoint" name="test_get_ask_config_success" time="0.030" /><testcase classname="tests.test_api.test_gateway_router_ask.TestAskConfigEndpoint" name="test_get_ask_config_service_unavailable" time="0.022" /><testcase classname="tests.test_api.test_gateway_router_ask.TestAskConfigEndpoint" name="test_get_ask_config_preserves_explicit_default_provider" time="0.030" /><testcase classname="tests.test_api.test_gateway_router_ask.TestAskQueryValidation" name="test_ask_empty_question" time="0.031" /><testcase classname="tests.test_api.test_gateway_router_ask.TestAskQueryValidation" name="test_ask_query_with_unicode" time="0.028" /><testcase classname="tests.test_api.test_gateway_router_ask.TestAskQueryValidation" name="test_ask_language_parameter_values" time="0.043" /><testcase classname="tests.test_api.test_gateway_router_ask.TestAskQueryValidation" name="test_ask_web_search_parameter_values" time="0.040" /><testcase classname="tests.test_api.test_gateway_router_ask.TestAskErrorHandling" name="test_ask_invalid_query_type" time="0.033" /><testcase classname="tests.test_api.test_gateway_router_ask.TestAskErrorHandling" name="test_ask_invalid_language_type" time="0.039" /><testcase classname="tests.test_api.test_gateway_router_ask.TestAskEndpointRouting" name="test_legacy_question_route_not_supported" time="0.037" /><testcase classname="tests.test_api.test_gateway_router_ask.TestAskEndpointRouting" name="test_ask_endpoint_exists" time="0.037" /><testcase classname="tests.test_api.test_gateway_router_ask.TestAskEndpointRouting" name="test_ask_stream_endpoint_exists" time="0.046" /><testcase classname="tests.test_api.test_gateway_router_ask.TestAskEndpointRouting" name="test_ask_config_endpoint_exists" time="0.037" /><testcase classname="tests.test_api.test_gateway_router_ask.TestAskParameterCombinations" name="test_ask_all_parameters" time="0.042" /><testcase classname="tests.test_api.test_gateway_router_ask.TestAskParameterCombinations" name="test_ask_minimal_parameters" time="0.041" /><testcase classname="tests.test_api.test_gateway_router_ask.TestAskParameterCombinations" name="test_ask_duplicate_parameters" time="0.050" /><testcase classname="tests.test_api.test_gateway_router_ask.TestAskMethods" name="test_ask_post_not_allowed" time="0.028" /><testcase classname="tests.test_api.test_gateway_router_ask.TestAskMethods" name="test_ask_delete_not_allowed" time="0.029" /><testcase classname="tests.test_api.test_gateway_router_ask.TestAskMethods" name="test_ask_get_is_allowed" time="0.024" /><testcase classname="tests.test_api.test_gateway_router_documents" name="test_documents_overview_aggregates_sources" time="0.012" /><testcase classname="tests.test_api.test_gateway_router_documents" name="test_documents_overview_filters_by_tags" time="0.024" /><testcase classname="tests.test_api.test_gateway_router_documents" name="test_documents_preview_reads_chunks_from_source" time="0.014" /><testcase classname="tests.test_api.test_gateway_router_documents" name="test_chunk_statistics_from_database" time="0.020" /><testcase classname="tests.test_api.test_gateway_router_documents" name="test_documents_download_url_returns_non_error_for_url_only_sources" time="0.017" /><testcase classname="tests.test_api.test_gateway_router_documents" name="test_documents_download_url_resolves_upload_source_without_explicit_download_url" time="0.018" /><testcase classname="tests.test_api.test_gateway_router_documents" name="test_documents_overview_excludes_test_artifacts_by_default" time="0.023" /><testcase classname="tests.test_api.test_gateway_router_documents" name="test_documents_tags_returns_counts" time="0.016" /><testcase classname="tests.test_api.test_gateway_router_documents" name="test_documents_tags_returns_503_when_database_unavailable" time="0.016" /><testcase classname="tests.test_api.test_gateway_router_embed.TestEmbedSingleEndpoint" name="test_embed_single_text" time="0.645" /><testcase classname="tests.test_api.test_gateway_router_embed.TestEmbedSingleEndpoint" name="test_embed_text_with_model_override" time="0.976" /><testcase classname="tests.test_api.test_gateway_router_embed.TestEmbedSingleEndpoint" name="test_embed_empty_text" time="1.166" /><testcase classname="tests.test_api.test_gateway_router_embed.TestEmbedSingleEndpoint" name="test_embed_missing_text" time="0.031" /><testcase classname="tests.test_api.test_gateway_router_embed.TestEmbedSingleEndpoint" name="test_embed_accepts_query_field_from_service_contract" time="0.749" /><testcase classname="tests.test_api.test_gateway_router_embed.TestEmbedSingleEndpoint" name="test_embed_long_text" time="2.684" /><testcase classname="tests.test_api.test_gateway_router_embed.TestEmbedBatchEndpoint" name="test_embed_batch_texts" time="1.081" /><testcase classname="tests.test_api.test_gateway_router_embed.TestEmbedBatchEndpoint" name="test_embed_batch_single_text" time="0.985" /><testcase classname="tests.test_api.test_gateway_router_embed.TestEmbedBatchEndpoint" name="test_embed_batch_with_model" time="0.547" /><testcase classname="tests.test_api.test_gateway_router_embed.TestEmbedBatchEndpoint" name="test_embed_batch_empty_list" time="0.016" /><testcase classname="tests.test_api.test_gateway_router_embed.TestEmbedBatchEndpoint" name="test_embed_batch_missing_texts" time="0.019" /><testcase classname="tests.test_api.test_gateway_router_embed.TestEmbedBatchEndpoint" name="test_embed_batch_accepts_queries_field_from_service_contract" time="0.839" /><testcase classname="tests.test_api.test_gateway_router_embed.TestEmbedBatchEndpoint" name="test_embed_batch_many_texts" time="21.541" /><testcase classname="tests.test_api.test_gateway_router_embed.TestSimilarityEndpoint" name="test_compute_similarity" time="0.674" /><testcase classname="tests.test_api.test_gateway_router_embed.TestSimilarityEndpoint" name="test_similarity_with_model" time="0.741" /><testcase classname="tests.test_api.test_gateway_router_embed.TestSimilarityEndpoint" name="test_similarity_identical_texts" time="1.306" /><testcase classname="tests.test_api.test_gateway_router_embed.TestSimilarityEndpoint" name="test_similarity_different_texts" time="1.480" /><testcase classname="tests.test_api.test_gateway_router_embed.TestSimilarityEndpoint" name="test_similarity_missing_text1" time="0.125" /><testcase classname="tests.test_api.test_gateway_router_embed.TestSimilarityEndpoint" name="test_similarity_missing_text2" time="0.195" /><testcase classname="tests.test_api.test_gateway_router_embed.TestSimilarityEndpoint" name="test_similarity_empty_texts" time="2.469" /><testcase classname="tests.test_api.test_gateway_router_embed.TestEmbedConfigEndpoint" name="test_get_embedding_config" time="0.090" /><testcase classname="tests.test_api.test_gateway_router_embed.TestEmbedConfigEndpoint" name="test_embedding_config_has_required_fields" time="0.127" /><testcase classname="tests.test_api.test_gateway_router_embed.TestEmbedConfigEndpoint" name="test_embedding_config_dimension_is_valid" time="0.179" /><testcase classname="tests.test_api.test_gateway_router_embed.TestEmbedConfigEndpoint" name="test_update_embedding_config" time="1.049" /><testcase classname="tests.test_api.test_gateway_router_embed.TestEmbedConfigEndpoint" name="test_update_config_missing_model" time="0.021" /><testcase classname="tests.test_api.test_gateway_router_embed.TestEmbedRequestValidation" name="test_embed_text_must_be_string" time="0.058" /><testcase classname="tests.test_api.test_gateway_router_embed.TestEmbedRequestValidation" name="test_batch_texts_must_be_list" time="0.015" /><testcase classname="tests.test_api.test_gateway_router_embed.TestEmbedRequestValidation" name="test_batch_texts_must_be_strings" time="0.016" /><testcase classname="tests.test_api.test_gateway_router_embed.TestEmbedRequestValidation" name="test_similarity_texts_must_be_strings" time="0.029" /><testcase classname="tests.test_api.test_gateway_router_embed.TestEmbedErrorHandling" name="test_malformed_json_embed" time="0.017" /><testcase classname="tests.test_api.test_gateway_router_embed.TestEmbedErrorHandling" name="test_malformed_json_batch" time="0.013" /><testcase classname="tests.test_api.test_gateway_router_embed.TestEmbedErrorHandling" name="test_malformed_json_similarity" time="0.012" /><testcase classname="tests.test_api.test_gateway_router_embed.TestEmbedEndpointRouting" name="test_embed_endpoint_exists" time="1.002" /><testcase classname="tests.test_api.test_gateway_router_embed.TestEmbedEndpointRouting" name="test_batch_endpoint_exists" time="0.834" /><testcase classname="tests.test_api.test_gateway_router_embed.TestEmbedEndpointRouting" name="test_similarity_endpoint_exists" time="0.928" /><testcase classname="tests.test_api.test_gateway_router_embed.TestEmbedEndpointRouting" name="test_config_endpoint_exists" time="0.017" /><testcase classname="tests.test_api.test_gateway_router_scrape.TestScrapeSubmitEndpoint" name="test_submit_scrape_single_url" time="0.095" /><testcase classname="tests.test_api.test_gateway_router_scrape.TestScrapeSubmitEndpoint" name="test_submit_scrape_multiple_urls" time="0.082" /><testcase classname="tests.test_api.test_gateway_router_scrape.TestScrapeSubmitEndpoint" name="test_submit_scrape_with_loader" time="0.066" /><testcase classname="tests.test_api.test_gateway_router_scrape.TestScrapeSubmitEndpoint" name="test_submit_scrape_with_stream" time="0.064" /><testcase classname="tests.test_api.test_gateway_router_scrape.TestScrapeSubmitEndpoint" name="test_submit_scrape_missing_urls" time="0.083" /><testcase classname="tests.test_api.test_gateway_router_scrape.TestScrapeSubmitEndpoint" name="test_submit_scrape_empty_urls" time="0.129" /><testcase classname="tests.test_api.test_gateway_router_scrape.TestScrapeSubmitEndpoint" name="test_submit_scrape_invalid_url_format" time="0.157" /><testcase classname="tests.test_api.test_gateway_router_scrape.TestScrapeSubmitEndpoint" name="test_submit_scrape_too_many_urls" time="0.104" /><testcase classname="tests.test_api.test_gateway_router_scrape.TestScrapeSubmitEndpoint" name="test_submit_scrape_returns_job_id" time="0.133" /><testcase classname="tests.test_api.test_gateway_router_scrape.TestScrapeSubmitEndpoint" name="test_submit_scrape_normalizes_and_deduplicates_urls" time="0.249" /><testcase classname="tests.test_api.test_gateway_router_scrape.TestScrapeStatusEndpoint" name="test_get_scrape_status_queued" time="0.296" /><testcase classname="tests.test_api.test_gateway_router_scrape.TestScrapeStatusEndpoint" name="test_get_scrape_status_nonexistent" time="0.067" /><testcase classname="tests.test_api.test_gateway_router_scrape.TestScrapeStatusEndpoint" name="test_get_scrape_status_includes_metadata" time="0.128" /><testcase classname="tests.test_api.test_gateway_router_scrape.TestScrapeStatusEndpoint" name="test_get_scrape_status_includes_progress" time="0.243" /><testcase classname="tests.test_api.test_gateway_router_scrape.TestScrapeHistoryEndpoint" name="test_get_scrape_history_empty" time="0.098" /><testcase classname="tests.test_api.test_gateway_router_scrape.TestScrapeHistoryEndpoint" name="test_get_scrape_history_multiple" time="0.132" /><testcase classname="tests.test_api.test_gateway_router_scrape.TestScrapeHistoryEndpoint" name="test_get_scrape_history_pagination" time="2.352" /><testcase classname="tests.test_api.test_gateway_router_scrape.TestScrapeHistoryEndpoint" name="test_get_scrape_history_most_recent_first" time="0.100" /><testcase classname="tests.test_api.test_gateway_router_scrape.TestScrapeCancelEndpoint" name="test_cancel_scrape_job" time="0.211" /><testcase classname="tests.test_api.test_gateway_router_scrape.TestScrapeCancelEndpoint" name="test_cancel_nonexistent_job" time="0.333" /><testcase classname="tests.test_api.test_gateway_router_scrape.TestScrapeCancelEndpoint" name="test_cancel_job_sets_cancelled_timestamp" time="0.438" /><testcase classname="tests.test_api.test_gateway_router_scrape.TestScrapeStatsEndpoint" name="test_get_scrape_stats" time="0.165" /><testcase classname="tests.test_api.test_gateway_router_scrape.TestScrapeStatsEndpoint" name="test_scrape_stats_reflects_jobs" time="0.741" /><testcase classname="tests.test_api.test_gateway_router_scrape.TestReindexEndpoint" name="test_reindex_requires_service_url" time="0.178" /><testcase classname="tests.test_api.test_gateway_router_scrape.TestReindexEndpoint" name="test_reindex_calls_modal_service" time="0.125" /><testcase classname="tests.test_api.test_gateway_router_scrape.TestScrapeCleanupEndpoint" name="test_cleanup_old_jobs" time="0.199" /><testcase classname="tests.test_api.test_gateway_router_scrape.TestScrapeErrorHandling" name="test_invalid_loader_type" time="0.144" /><testcase classname="tests.test_api.test_gateway_router_scrape.TestScrapeErrorHandling" name="test_malformed_json" time="0.108" /><testcase classname="tests.test_api.test_gateway_router_scrape.TestBackgroundScrapeTask" name="test_background_task_non_stream_finalizes_uploads" time="0.092" /><testcase classname="tests.test_clarify_question_tool.TestClarifyQuestion" name="test_clarify_question_doctor_query" time="0.212" /><testcase classname="tests.test_clarify_question_tool.TestClarifyQuestion" name="test_clarify_question_location_emphasis" time="0.122" /><testcase classname="tests.test_clarify_question_tool.TestClarifyQuestion" name="test_clarify_question_service_type" time="0.228" /><testcase classname="tests.test_clarify_question_tool.TestClarifyQuestion" name="test_clarify_question_generic" time="0.248" /><testcase classname="tests.test_clarify_question_tool.TestClarifyQuestion" name="test_clarify_question_includes_reason" time="0.654" /><testcase classname="tests.test_clarify_question_tool.TestClarifyQuestion" name="test_clarify_question_includes_original" time="0.344" /><testcase classname="tests.test_clarify_question_tool.TestClarifyQuestion" name="test_clarify_question_suggests_multiple_options" time="0.557" /><testcase classname="tests.test_clarify_question_tool.TestClarifyQuestion" name="test_clarify_question_natural_language" time="0.164" /><testcase classname="tests.test_clarify_question_tool.TestClarifyQuestion" name="test_clarify_question_with_search_context" time="0.077" /><testcase classname="tests.test_clarify_question_tool.TestClarifyQuestion" name="test_create_clarify_question_tool" time="0.036" /><testcase classname="tests.test_clarify_question_tool.TestClarifyQuestion" name="test_clarify_question_with_empty_question" time="0.087" /><testcase classname="tests.test_clarify_question_tool.TestClarifyQuestion" name="test_clarify_question_multiple_keywords" time="0.061" /><testcase classname="tests.test_clarify_question_tool.TestClarifyQuestion" name="test_clarify_question_return_type" time="0.156" /><testcase classname="tests.test_clarify_question_tool.TestClarifyQuestion" name="test_clarify_question_healthcare_focus" time="0.107" /><testcase classname="tests.test_clarify_question_tool.TestClarifyQuestion" name="test_clarify_question_consistent_format" time="0.184" /><testcase classname="tests.test_db_search_tool" name="test_db_search_returns_empty_when_no_results" time="0.154" /><testcase classname="tests.test_db_search_tool" name="test_db_search_normalizes_documents" time="0.097" /><testcase classname="tests.test_db_search_tool" name="test_db_search_calls_embedding_model" time="0.111" /><testcase classname="tests.test_db_search_tool" name="test_db_search_reuses_cached_embedding_for_normalized_query" time="0.121" /><testcase classname="tests.test_db_search_tool" name="test_db_search_embedding_cache_can_be_disabled" time="0.793" /><testcase classname="tests.test_db_search_tool" name="test_db_search_exposes_latency_metrics" time="0.438" /><testcase classname="tests.test_db_search_tool" name="test_db_search_metrics_marks_cache_hit" time="0.563" /><testcase classname="tests.test_db_search_tool" name="test_db_search_passes_tag_filter" time="1.023" /><testcase classname="tests.test_db_search_tool" name="test_db_search_auto_infers_spanish_tags_for_filtering" time="1.544" /><testcase classname="tests.test_db_search_tool" name="test_db_search_auto_infers_doctor_intent_from_spanish_typo" time="1.629" /><testcase classname="tests.test_db_search_tool" name="test_db_search_uses_supabase_fallback_when_chroma_query_times_out" time="1.861" /><testcase classname="tests.test_db_search_tool" name="test_db_search_reranks_when_enabled" time="0.281" /><testcase classname="tests.test_db_search_tool" name="test_db_search_tool_metadata" time="0.090" /><testcase classname="tests.test_db_search_tool" name="test_db_search_uses_supabase_fallback_when_chroma_fails" time="0.747" /><testcase classname="tests.test_db_search_tool" name="test_db_search_returns_empty_when_fallback_disabled_and_chroma_fails" time="0.181" /><testcase classname="tests.test_db_search_tool" name="test_db_search_uses_postgres_fallback_when_data_mode_is_postgres" time="0.206" /><testcase classname="tests.test_db_search_tool" name="test_db_search_auto_mode_prefers_postgres_when_supabase_missing" time="0.199" /><testcase classname="tests.test_db_search_tool" name="test_db_search_supabase_fallback_uses_legacy_rpc_signature_when_tag_signature_missing" time="0.424" /><testcase classname="tests.test_docker_compose_embedding_auth" name="test_prod_compose_sets_embedding_auth_token_for_required_services" time="0.206" /><testcase classname="tests.test_embedding_service_client" name="test_validate_connection_uses_localhost_fallback" time="0.906" /><testcase classname="tests.test_embedding_service_client" name="test_create_embedding_client_validate_on_init" time="0.480" /><testcase classname="tests.test_embedding_service_client" name="test_validate_connection_raises_when_all_candidates_fail" time="0.780" /><testcase classname="tests.test_embedding_service_client" name="test_candidate_urls_include_discovered_cloud_run" time="0.722" /><testcase classname="tests.test_embedding_service_client" name="test_candidate_urls_include_local_fallbacks_for_remote_base_url" time="0.460" /><testcase classname="tests.test_embedding_service_client" name="test_embed_documents_falls_back_to_alt_batch_endpoint" time="0.636" /><testcase classname="tests.test_embedding_service_client" name="test_embed_query_falls_back_to_query_payload_on_422" time="0.508" /><testcase classname="tests.test_embedding_service_client" name="test_client_sets_auth_header_from_env" time="0.450" /><testcase classname="tests.test_embedding_service_client" name="test_client_prefers_explicit_auth_token_over_env" time="0.698" /><testcase classname="tests.test_embedding_service_client" name="test_client_does_not_set_modal_headers_when_available" time="0.425" /><testcase classname="tests.test_embedding_service_client" name="test_client_does_not_set_modal_key_from_token_id" time="0.929" /><testcase classname="tests.test_embedding_service_client" name="test_client_does_not_set_proxy_auth_token_header" time="0.566" /><testcase classname="tests.test_embedding_service_client" name="test_create_embedding_client_passes_explicit_auth_token" time="0.031" /><testcase classname="tests.test_html_cleaner" name="test_html_cleaner" time="0.170" /><testcase classname="tests.test_rank_retrieval_tool" name="test_rank_retrieval_reorders_by_lexical_overlap" time="0.307" /><testcase classname="tests.test_rank_retrieval_tool" name="test_rank_retrieval_handles_invalid_input" time="0.292" /><testcase classname="tests.test_render_proxy_url_helpers.TestRunningOnRender" name="test_returns_false_when_no_render_env" time="0.015" /><testcase classname="tests.test_render_proxy_url_helpers.TestRunningOnRender" name="test_returns_true_when_render_is_set" time="0.038" /><testcase classname="tests.test_render_proxy_url_helpers.TestRunningOnRender" name="test_returns_true_when_render_service_id_is_set" time="0.005" /><testcase classname="tests.test_render_proxy_url_helpers.TestRunningOnRender" name="test_returns_true_when_both_render_vars_set" time="0.003" /><testcase classname="tests.test_render_proxy_url_helpers.TestRunningOnRender" name="test_nonempty_render_value_is_truthy" time="0.014" /><testcase classname="tests.test_render_proxy_url_helpers.TestNormalizeUrlOffRender" name="test_returns_candidate_when_not_on_render" time="0.002" /><testcase classname="tests.test_render_proxy_url_helpers.TestNormalizeUrlOffRender" name="test_returns_docker_service_url_unchanged" time="0.004" /><testcase classname="tests.test_render_proxy_url_helpers.TestNormalizeUrlOffRender" name="test_returns_fallback_when_raw_url_is_none_off_render" time="0.001" /><testcase classname="tests.test_render_proxy_url_helpers.TestNormalizeUrlOffRender" name="test_returns_fallback_when_raw_url_is_empty_string_off_render" time="0.002" /><testcase classname="tests.test_render_proxy_url_helpers.TestNormalizeUrlOffRender" name="test_returns_fallback_when_raw_url_is_whitespace_off_render" time="0.001" /><testcase classname="tests.test_render_proxy_url_helpers.TestNormalizeUrlOnRender" name="test_returns_fallback_for_localhost_ollama" time="0.013" /><testcase classname="tests.test_render_proxy_url_helpers.TestNormalizeUrlOnRender" name="test_returns_fallback_for_127_0_0_1_ollama" time="0.020" /><testcase classname="tests.test_render_proxy_url_helpers.TestNormalizeUrlOnRender" name="test_returns_fallback_for_docker_embedding_service" time="0.012" /><testcase classname="tests.test_render_proxy_url_helpers.TestNormalizeUrlOnRender" name="test_returns_fallback_for_docker_vecinita_embedding" time="0.020" /><testcase classname="tests.test_render_proxy_url_helpers.TestNormalizeUrlOnRender" name="test_returns_fallback_for_direct_modal_url" time="0.035" /><testcase classname="tests.test_render_proxy_url_helpers.TestNormalizeUrlOnRender" name="test_returns_fallback_for_local_embedding_service_name" time="0.014" /><testcase classname="tests.test_render_proxy_url_helpers.TestNormalizeUrlOnRender" name="test_returns_fallback_when_raw_url_is_none" time="0.011" /><testcase classname="tests.test_render_proxy_url_helpers.TestNormalizeUrlOnRender" name="test_returns_fallback_when_raw_url_is_empty" time="0.034" /><testcase classname="tests.test_render_proxy_url_helpers.TestNormalizeUrlOnRender" name="test_model_fallback_includes_model_prefix" time="0.055" /><testcase classname="tests.test_render_proxy_url_helpers.TestNormalizeUrlOnRender" name="test_embedding_fallback_includes_embedding_prefix" time="0.026" /><testcase classname="tests.test_render_proxy_url_helpers.TestNormalizeUrlOnRender" name="test_internal_proxy_host_preserved" time="0.028" /><testcase classname="tests.test_render_proxy_url_helpers.TestModuleGlobalsOnRender" name="test_ollama_base_url_resolves_to_model_proxy_on_render" time="0.168" /><testcase classname="tests.test_render_proxy_url_helpers.TestModuleGlobalsOnRender" name="test_embedding_url_resolves_to_embedding_proxy_on_render" time="0.185" /><testcase classname="tests.test_render_proxy_url_helpers.TestViaProxy" name="test_always_false_for_render_private_hostname" time="0.002" /><testcase classname="tests.test_render_proxy_url_helpers.TestViaProxy" name="test_always_false_for_embedding_proxy_prefix" time="0.002" /><testcase classname="tests.test_render_proxy_url_helpers.TestViaProxy" name="test_always_false_case_insensitive" time="0.001" /><testcase classname="tests.test_render_proxy_url_helpers.TestViaProxy" name="test_always_false_for_localhost_proxy_model_path" time="0.002" /><testcase classname="tests.test_render_proxy_url_helpers.TestViaProxy" name="test_always_false_for_localhost_proxy_embedding_path" time="0.002" /><testcase classname="tests.test_render_proxy_url_helpers.TestViaProxy" name="test_returns_false_for_direct_modal_url" time="0.002" /><testcase classname="tests.test_render_proxy_url_helpers.TestViaProxy" name="test_returns_false_for_local_ollama" time="0.004" /><testcase classname="tests.test_render_proxy_url_helpers.TestViaProxy" name="test_returns_false_for_none_base_url" time="0.008" /><testcase classname="tests.test_render_proxy_url_helpers.TestViaProxy" name="test_returns_false_for_empty_base_url" time="0.002" /><testcase classname="tests.test_render_proxy_url_helpers.TestHeadersViaProxy" name="test_headers_include_authorization_when_api_key_present" time="0.008" /><testcase classname="tests.test_render_proxy_url_helpers.TestHeadersViaProxy" name="test_headers_ignore_legacy_modal_credentials" time="0.006" /><testcase classname="tests.test_render_proxy_url_helpers.TestHeadersViaProxy" name="test_authorization_header_present_when_api_key_set" time="0.030" /><testcase classname="tests.test_render_proxy_url_helpers.TestHeadersViaProxy" name="test_no_modal_key_header_via_proxy" time="0.007" /><testcase classname="tests.test_render_proxy_url_helpers.TestHeadersViaProxy" name="test_no_x_proxy_token_header_emitted" time="0.003" /><testcase classname="tests.test_render_proxy_url_helpers.TestHeadersViaProxy" name="test_localhost_proxy_path_behaves_like_direct_endpoint" time="0.001" /><testcase classname="tests.test_render_proxy_url_helpers.TestHeadersViaProxy" name="test_localhost_proxy_path_without_api_key_yields_empty_headers" time="0.002" /><testcase classname="tests.test_render_proxy_url_helpers.TestHeadersViaProxy" name="test_explicit_proxy_token_does_not_affect_headers" time="0.002" /><testcase classname="tests.test_render_proxy_url_helpers.TestHeadersDirectModal" name="test_authorization_header_sent_for_direct_modal" time="0.005" /><testcase classname="tests.test_render_proxy_url_helpers.TestHeadersDirectModal" name="test_modal_key_secret_not_sent_for_direct_modal" time="0.003" /><testcase classname="tests.test_render_proxy_url_helpers.TestHeadersDirectModal" name="test_no_authorization_when_api_key_none_direct" time="0.008" /><testcase classname="tests.test_render_proxy_url_helpers.TestHeadersDirectModal" name="test_no_modal_headers_when_only_api_key_set_direct" time="0.038" /><testcase classname="tests.test_render_proxy_url_helpers.TestHeadersLocalOllama" name="test_authorization_header_for_local_ollama_with_key" time="0.032" /><testcase classname="tests.test_render_proxy_url_helpers.TestHeadersLocalOllama" name="test_empty_headers_for_local_ollama_no_key" time="0.009" /><testcase classname="tests.test_render_proxy_url_helpers.TestNativeChatDetection" name="test_native_chat_enabled_for_modal_run" time="0.009" /><testcase classname="tests.test_render_proxy_url_helpers.TestNativeChatDetection" name="test_native_chat_enabled_for_model_proxy_prefix" time="0.006" /><testcase classname="tests.test_render_proxy_url_helpers.TestNativeChatDetection" name="test_native_chat_disabled_for_embedding_proxy_prefix" time="0.002" /><testcase classname="tests.test_render_proxy_url_helpers.TestNativeChatDetection" name="test_native_chat_enabled_for_localhost_proxy_model" time="0.003" /><testcase classname="tests.test_render_proxy_url_helpers.TestNativeChatDetection" name="test_native_chat_enabled_for_127_0_0_1_proxy_model" time="0.023" /><testcase classname="tests.test_render_proxy_url_helpers.TestNativeChatDetection" name="test_native_chat_disabled_for_localhost_proxy_embedding" time="0.009" /><testcase classname="tests.test_render_proxy_url_helpers.TestNativeChatDetection" name="test_native_chat_disabled_for_localhost_different_port" time="0.003" /><testcase classname="tests.test_render_proxy_url_helpers.TestProxyOnlyEnforcement" name="test_validate_runtime_ignores_proxy_only_flag" time="3.510" /><testcase classname="tests.test_render_proxy_url_helpers.TestProxyOnlyEnforcement" name="test_build_client_allows_direct_modal_when_enforced_flag_set" time="0.006" /><testcase classname="tests.test_render_proxy_url_helpers.TestProxyOnlyEnforcement" name="test_build_client_local_ollama_still_depends_on_langchain_ollama" time="0.963" /><testcase classname="tests.test_rewrite_question_tool" name="test_rewrite_question_tool_uses_llm_output" time="0.159" /><testcase classname="tests.test_rewrite_question_tool" name="test_rewrite_question_tool_falls_back_to_original_on_error" time="0.336" /><testcase classname="tests.test_scraper_advanced.TestScraperEdgeCases" name="test_processor_with_no_metadata" time="0.044" /><testcase classname="tests.test_scraper_advanced.TestScraperEdgeCases" name="test_link_tracker_with_duplicate_links" time="0.002" /><testcase classname="tests.test_scraper_advanced.TestScraperEdgeCases" name="test_config_with_invalid_depth" time="0.044" /><testcase classname="tests.test_scraper_advanced.TestScraperEdgeCases" name="test_clean_text_with_only_noise" time="0.007" /><testcase classname="tests.test_scraper_advanced.TestScraperEdgeCases" name="test_url_with_special_characters" time="0.002" /><testcase classname="tests.test_scraper_advanced.TestScraperEdgeCases" name="test_very_large_chunk_splitting" time="1.116" /><testcase classname="tests.test_scraper_advanced.TestScraperWithMockedRequests" name="test_playwright_loader_error_handling" time="47.500" /><testcase classname="tests.test_scraper_advanced.TestScraperWithMockedRequests" name="test_recursive_loader_with_depth" time="0.106" /><testcase classname="tests.test_scraper_advanced.TestScraperFileOperations" name="test_write_chunks_creates_output_file" time="1.001" /><testcase classname="tests.test_scraper_advanced.TestScraperFileOperations" name="test_append_to_existing_output_file" time="1.217" /><testcase classname="tests.test_scraper_advanced.TestScraperFileOperations" name="test_failed_log_accumulation" time="0.013" /><testcase classname="tests.test_scraper_advanced.TestScraperConcurrency" name="test_rate_limiting_applied" time="5.912" /><testcase classname="tests.test_scraper_cli.TestScraperCLI" name="test_cli_argument_parsing" time="0.014" /><testcase classname="tests.test_scraper_cli.TestScraperCLI" name="test_cli_input_file_validation" time="0.003" /><testcase classname="tests.test_scraper_cli.TestScraperCLI" name="test_cli_output_directory_creation" time="0.012" /><testcase classname="tests.test_scraper_cli.TestScraperCLI" name="test_cli_with_links_file_argument" time="0.005" /><testcase classname="tests.test_scraper_cli.TestScraperCLI" name="test_cli_with_loader_argument" time="0.006" /><testcase classname="tests.test_scraper_cli.TestScraperCLIErrorHandling" name="test_cli_handles_keyboard_interrupt" time="0.009" /><testcase classname="tests.test_scraper_cli.TestScraperCLIErrorHandling" name="test_cli_handles_fatal_error" time="0.007" /><testcase classname="tests.test_scraper_cli.TestScraperCLIURLParsing" name="test_cli_parses_urls_from_file" time="0.004" /><testcase classname="tests.test_scraper_cli.TestScraperCLIURLParsing" name="test_cli_handles_empty_url_file" time="0.386" /><testcase classname="tests.test_scraper_cli.TestScraperCLIURLParsing" name="test_cli_handles_utf8_with_bom" time="0.010" /><testcase classname="tests.test_scraper_cli.TestScraperCLIURLParsing" name="test_cli_handles_latin1_encoding" time="0.009" /><testcase classname="tests.test_scraper_cli.TestScraperCLIURLParsing" name="test_cli_encoding_fallback_order" time="0.012" /><testcase classname="tests.test_scraper_enhancements.TestLinkExtraction" name="test_extract_outbound_links_filters_and_normalizes" time="0.004" /><testcase classname="tests.test_scraper_enhancements.TestUploaderPayload" name="test_loader_type_stored_in_metadata_not_top_level" time="0.003" /><testcase classname="tests.test_scraper_enhancements.TestFallbackProcessing" name="test_playwright_fallback_when_no_chunks" time="0.350" /><testcase classname="tests.test_scraper_module.TestScraperConfig" name="test_config_initialization" time="0.001" /><testcase classname="tests.test_scraper_module.TestScraperConfig" name="test_config_directory_paths" time="0.001" /><testcase classname="tests.test_scraper_module.TestScraperConfig" name="test_load_config_missing_file" time="0.002" /><testcase classname="tests.test_scraper_module.TestScraperConfig" name="test_load_config_list" time="0.007" /><testcase classname="tests.test_scraper_module.TestScraperConfig" name="test_load_recursive_config" time="0.002" /><testcase classname="tests.test_scraper_module.TestScraperUtils" name="test_convert_github_to_raw" time="0.001" /><testcase classname="tests.test_scraper_module.TestScraperUtils" name="test_convert_non_github_url_unchanged" time="0.001" /><testcase classname="tests.test_scraper_module.TestScraperUtils" name="test_should_skip_url_matching" time="0.001" /><testcase classname="tests.test_scraper_module.TestScraperUtils" name="test_needs_playwright" time="0.001" /><testcase classname="tests.test_scraper_module.TestScraperUtils" name="test_is_csv_file_detection" time="0.001" /><testcase classname="tests.test_scraper_module.TestScraperUtils" name="test_get_crawl_config_matching" time="0.001" /><testcase classname="tests.test_scraper_module.TestScraperUtils" name="test_get_crawl_config_no_match" time="0.001" /><testcase classname="tests.test_scraper_module.TestScraperUtils" name="test_clean_text" time="0.001" /><testcase classname="tests.test_scraper_module.TestScraperUtils" name="test_download_file_success" time="0.003" /><testcase classname="tests.test_scraper_module.TestScraperUtils" name="test_download_file_failure" time="0.001" /><testcase classname="tests.test_scraper_module.TestScraperUtils" name="test_write_to_failed_log" time="0.001" /><testcase classname="tests.test_scraper_module.TestScraperUtils" name="test_prepare_scrape_urls_dedupes_and_skips_localhost" time="0.001" /><testcase classname="tests.test_scraper_module.TestScraperUtils" name="test_prepare_scrape_urls_allows_localhost_when_requested" time="0.001" /><testcase classname="tests.test_scraper_module.TestSmartLoader" name="test_loader_initialization" time="0.001" /><testcase classname="tests.test_scraper_module.TestSmartLoader" name="test_load_url_skips_matching" time="0.002" /><testcase classname="tests.test_scraper_module.TestSmartLoader" name="test_load_url_with_forced_unstructured_loader" time="2.006" /><testcase classname="tests.test_scraper_module.TestDocumentProcessor" name="test_processor_initialization" time="0.002" /><testcase classname="tests.test_scraper_module.TestDocumentProcessor" name="test_process_documents_empty_list" time="0.001" /><testcase classname="tests.test_scraper_module.TestDocumentProcessor" name="test_process_documents_with_content" time="0.006" /><testcase classname="tests.test_scraper_module.TestLinkTracker" name="test_link_tracker_initialization" time="0.001" /><testcase classname="tests.test_scraper_module.TestLinkTracker" name="test_add_links" time="0.001" /><testcase classname="tests.test_scraper_module.TestLinkTracker" name="test_get_summary" time="0.001" /><testcase classname="tests.test_scraper_module.TestLinkTracker" name="test_save_links_to_file" time="0.005" /><testcase classname="tests.test_scraper_module.TestVecinaScraper" name="test_scraper_initialization" time="0.387" /><testcase classname="tests.test_scraper_module.TestVecinaScraper" name="test_scraper_stats_initialization" time="0.386" /><testcase classname="tests.test_scraper_module.TestVecinaScraper" name="test_scrape_urls_empty_list" time="0.391" /><testcase classname="tests.test_scraper_upload_chunks.TestUploadChunksFromFile" name="test_upload_chunks_from_file_success" time="0.382" /><testcase classname="tests.test_scraper_upload_chunks.TestUploadChunksFromFile" name="test_upload_chunks_source_detection" time="0.361" /><testcase classname="tests.test_scraper_upload_chunks.TestUploadChunksFromFile" name="test_upload_chunks_loader_detection" time="0.470" /><testcase classname="tests.test_scraper_upload_chunks.TestUploadChunksFromFile" name="test_upload_chunks_separator_skipping" time="0.364" /><testcase classname="tests.test_scraper_upload_chunks.TestUploadChunksFromFile" name="test_upload_chunks_with_metadata" time="0.408" /><testcase classname="tests.test_scraper_upload_chunks.TestUploadChunksFromFile" name="test_upload_chunks_missing_file" time="0.363" /><testcase classname="tests.test_scraper_upload_chunks.TestUploadChunksFromFile" name="test_upload_chunks_no_uploader" time="0.374" /><testcase classname="tests.test_scraper_upload_chunks.TestUploadChunksFromFile" name="test_upload_chunks_empty_file" time="0.392" /><testcase classname="tests.test_scraper_upload_chunks.TestUploadChunksFromFile" name="test_upload_chunks_batch_grouping" time="0.396" /><testcase classname="tests.test_scraper_upload_chunks.TestUploadChunksFromFile" name="test_upload_chunks_call_signature" time="0.420" /><testcase classname="tests.test_scraper_upload_chunks.TestUploadChunksFromFile" name="test_upload_chunks_with_upload_failure" time="0.406" /><testcase classname="tests.test_scraper_upload_chunks.TestUploadChunksFromFile" name="test_upload_chunks_uploader_exception" time="0.358" /><testcase classname="tests.test_scraper_upload_chunks.TestUploadChunksFromFile" name="test_upload_chunks_metadata_parse_error" time="0.371" /><testcase classname="tests.test_scraper_upload_chunks.TestUploadChunksFromFile" name="test_upload_chunks_stats_tracking" time="0.330" /><testcase classname="tests.test_scraper_upload_chunks.TestUploadChunksFromFile" name="test_upload_chunks_large_file" time="0.336" /><testcase classname="tests.test_scraper_upload_chunks.TestUploadChunksLoggingOutput" name="test_logging_contains_all_required_fields" time="0.372" /><testcase classname="tests.test_scraper_uploader_chroma_wiring" name="test_scraper_uploader_reexports_services_chroma_uploader" time="0.001" /><testcase classname="tests.test_scraper_uploader_chroma_wiring" name="test_scraper_uploader_reexports_document_chunk_dataclass" time="0.001" /><testcase classname="tests.test_scripts.test_deploy_embedding_gcloud_script" name="test_deploy_script_exists_and_is_shell_script" time="0.002" /><testcase classname="tests.test_scripts.test_deploy_embedding_gcloud_script" name="test_deploy_script_contains_required_gcloud_steps" time="0.001" /><testcase classname="tests.test_scripts.test_dev_session_script" name="test_dev_session_script_exists" time="0.001" /><testcase classname="tests.test_scripts.test_dev_session_script" name="test_dev_session_defaults_to_single_terminal_mode" time="0.001" /><testcase classname="tests.test_scripts.test_dev_session_script" name="test_dev_session_supports_legacy_tmux_mode" time="0.001" /><testcase classname="tests.test_scripts.test_dev_session_script" name="test_dev_session_waits_for_frontend_before_attach" time="0.001" /><testcase classname="tests.test_scripts.test_dev_session_script" name="test_dev_session_resets_existing_state_before_start" time="0.001" /><testcase classname="tests.test_scripts.test_dev_session_script" name="test_dev_session_manages_expected_ports" time="0.001" /><testcase classname="tests.test_scripts.test_dev_session_script" name="test_dev_session_prefers_direct_or_local_model_endpoints" time="0.001" /><testcase classname="tests.test_scripts.test_dev_session_script" name="test_dev_session_warns_instead_of_exiting_on_readiness_timeout" time="0.001" /><testcase classname="tests.test_scripts.test_dev_session_script" name="test_dev_session_uses_embedding_token_resolution_without_proxy_helper" time="0.001" /><testcase classname="tests.test_scripts.test_make_render_workflows" name="test_makefile_exists" time="0.001" /><testcase classname="tests.test_scripts.test_make_render_workflows" name="test_render_targets_declared_in_phony" time="0.001" /><testcase classname="tests.test_scripts.test_make_render_workflows" name="test_render_env_validate_target_runs_validator_script" time="0.001" /><testcase classname="tests.test_scripts.test_make_render_workflows" name="test_render_proxy_and_strict_targets_run_expected_test_files" time="0.001" /><testcase classname="tests.test_scripts.test_make_render_workflows" name="test_render_workflow_ci_chains_validation_and_suite" time="0.001" /><testcase classname="tests.test_scripts.test_make_render_workflows" name="test_render_local_check_has_preflight_and_live_mode_split" time="0.001" /><testcase classname="tests.test_services.agent.test_agent_main.TestAgentMainInitialization" name="test_app_creation" time="0.003" /><testcase classname="tests.test_services.agent.test_agent_main.TestAgentMainInitialization" name="test_location_context_configured" time="0.002" /><testcase classname="tests.test_services.agent.test_agent_main.TestAgentThinkingMessages" name="test_agent_thinking_messages_exist" time="0.002" /><testcase classname="tests.test_services.agent.test_agent_main.TestAgentThinkingMessages" name="test_get_agent_thinking_message_english" time="0.015" /><testcase classname="tests.test_services.agent.test_agent_main.TestAgentThinkingMessages" name="test_get_agent_thinking_message_spanish" time="0.002" /><testcase classname="tests.test_services.agent.test_agent_main.TestAgentThinkingMessages" name="test_get_agent_thinking_message_fallback" time="0.002" /><testcase classname="tests.test_services.agent.test_agent_main.TestAgentThinkingMessages" name="test_get_agent_thinking_message_spanish_unknown_tool" time="0.001" /><testcase classname="tests.test_services.agent.test_agent_main.TestAgentState" name="test_agent_state_creation" time="0.002" /><testcase classname="tests.test_services.agent.test_agent_main.TestEmbeddingInitialization" name="test_embedding_service_fallback_chain" time="0.003" /><testcase classname="tests.test_services.agent.test_agent_main.TestLLMInitialization" name="test_llm_initialization_with_groq" time="0.004" /><testcase classname="tests.test_services.agent.test_agent_main.TestToolsInitialization" name="test_tools_initialized" time="0.009" /><testcase classname="tests.test_services.agent.test_agent_main.TestToolsInitialization" name="test_none_tools_filtered" time="0.002" /><testcase classname="tests.test_services.agent.test_agent_main.TestLLMWithTools" name="test_get_llm_with_tools_llama_ollama" time="0.003" /><testcase classname="tests.test_services.agent.test_agent_main.TestLLMWithTools" name="test_get_llm_with_tools_openai" time="0.005" /><testcase classname="tests.test_services.agent.test_agent_main.TestLLMWithTools" name="test_get_llm_with_tools_unsupported_provider" time="0.004" /><testcase classname="tests.test_services.agent.test_agent_main.TestMessageSanitization" name="test_sanitize_human_message" time="0.003" /><testcase classname="tests.test_services.agent.test_agent_main.TestMessageSanitization" name="test_sanitize_tool_message_with_list_content" time="0.004" /><testcase classname="tests.test_services.agent.test_agent_main.TestEnvironmentVariableValidation" name="test_missing_supabase_url_raises_error" time="0.000"><skipped type="pytest.skip" message="Module-level initialization testing is unreliable with mocks/reloads">/root/GitHub/VECINA/vecinita/backend/tests/test_services/agent/test_agent_main.py:448: Module-level initialization testing is unreliable with mocks/reloads</skipped></testcase><testcase classname="tests.test_services.agent.test_agent_main.TestEnvironmentVariableValidation" name="test_missing_llm_provider_raises_error" time="0.000"><skipped type="pytest.skip" message="Module-level initialization testing is unreliable with mocks/reloads">/root/GitHub/VECINA/vecinita/backend/tests/test_services/agent/test_agent_main.py:473: Module-level initialization testing is unreliable with mocks/reloads</skipped></testcase><testcase classname="tests.test_services.agent.test_static_response_tool.TestStaticResponseTool" name="test_static_response_matches_english_faq" time="0.010" /><testcase classname="tests.test_services.agent.test_static_response_tool.TestStaticResponseTool" name="test_static_response_matches_spanish_faq" time="0.005" /><testcase classname="tests.test_services.agent.test_static_response_tool.TestStaticResponseTool" name="test_static_response_case_insensitive" time="0.014" /><testcase classname="tests.test_services.agent.test_static_response_tool.TestStaticResponseTool" name="test_static_response_returns_none_for_nonexistent_question" time="0.004" /><testcase classname="tests.test_services.agent.test_static_response_tool.TestStaticResponseTool" name="test_static_response_partial_match" time="0.010" /><testcase classname="tests.test_services.agent.test_static_response_tool.TestStaticResponseTool" name="test_static_response_spanish_defaults_to_english" time="0.004" /><testcase classname="tests.test_services.agent.test_static_response_tool.TestStaticResponseTool" name="test_static_response_whitespace_handling" time="0.006" /><testcase classname="tests.test_services.agent.test_static_response_tool.TestAddFaqFunction" name="test_add_faq_english" time="0.003" /><testcase classname="tests.test_services.agent.test_static_response_tool.TestAddFaqFunction" name="test_add_faq_spanish" time="0.003" /><testcase classname="tests.test_services.agent.test_static_response_tool.TestAddFaqFunction" name="test_add_faq_creates_new_language_if_needed" time="0.001" /><testcase classname="tests.test_services.agent.test_static_response_tool.TestAddFaqFunction" name="test_add_faq_normalizes_question" time="0.001" /><testcase classname="tests.test_services.agent.test_static_response_tool.TestListFaqsFunction" name="test_list_faqs_english" time="0.001" /><testcase classname="tests.test_services.agent.test_static_response_tool.TestListFaqsFunction" name="test_list_faqs_spanish" time="0.001" /><testcase classname="tests.test_services.agent.test_static_response_tool.TestListFaqsFunction" name="test_list_faqs_nonexistent_language" time="0.001" /><testcase classname="tests.test_services.agent.test_static_response_tool.TestListFaqsFunction" name="test_list_faqs_returns_all_questions_and_answers" time="0.001" /><testcase classname="tests.test_services.agent.test_static_response_tool.TestFaqDatabase" name="test_faq_database_has_english_and_spanish" time="0.001" /><testcase classname="tests.test_services.agent.test_static_response_tool.TestFaqDatabase" name="test_english_faqs_not_empty" time="0.001" /><testcase classname="tests.test_services.agent.test_static_response_tool.TestFaqDatabase" name="test_spanish_faqs_not_empty" time="0.001" /><testcase classname="tests.test_services.agent.test_static_response_tool.TestFaqDatabase" name="test_all_faq_keys_are_lowercase" time="0.001" /><testcase classname="tests.test_services.agent.test_static_response_tool.TestFaqDatabase" name="test_all_faq_values_are_strings" time="0.001" /><testcase classname="tests.test_services.db.test_pool" name="test_initialize_raises_when_config_missing[asyncio]" time="0.002" /><testcase classname="tests.test_services.db.test_pool" name="test_initialize_sets_client_and_status[asyncio]" time="0.003" /><testcase classname="tests.test_services.db.test_pool" name="test_health_check_returns_false_without_client[asyncio]" time="0.001" /><testcase classname="tests.test_services.db.test_pool" name="test_health_check_success_updates_status[asyncio]" time="0.002" /><testcase classname="tests.test_services.db.test_pool" name="test_health_check_failure_updates_status[asyncio]" time="0.002" /><testcase classname="tests.test_services.db.test_pool" name="test_query_with_timeout_success_updates_success_counter[asyncio]" time="0.002" /><testcase classname="tests.test_services.db.test_pool" name="test_query_with_timeout_timeout_updates_failure_counter[asyncio]" time="0.002" /><testcase classname="tests.test_services.db.test_pool" name="test_execute_with_retry_sync_query_succeeds[asyncio]" time="0.002" /><testcase classname="tests.test_services.db.test_pool" name="test_execute_with_retry_async_query_retries_then_succeeds[asyncio]" time="0.002" /><testcase classname="tests.test_services.db.test_pool" name="test_execute_with_retry_raises_last_error[asyncio]" time="0.003" /><testcase classname="tests.test_services.db.test_pool" name="test_get_client_requires_initialization" time="0.001" /><testcase classname="tests.test_services.db.test_pool" name="test_get_stats_returns_expected_shape" time="0.001" /><testcase classname="tests.test_services.db.test_schema_diagnostics" name="test_check_postgrest_schema_profile_ok[asyncio]" time="0.003" /><testcase classname="tests.test_services.db.test_schema_diagnostics" name="test_check_postgrest_schema_profile_detects_pgrst106[asyncio]" time="0.002" /><testcase classname="tests.test_services.db.test_schema_diagnostics" name="test_check_rpc_search_similar_documents_not_found_error[asyncio]" time="0.002" /><testcase classname="tests.test_services.db.test_schema_diagnostics" name="test_check_table_document_chunks_missing[asyncio]" time="0.002" /><testcase classname="tests.test_services.db.test_schema_diagnostics" name="test_check_column_embedding_missing_column[asyncio]" time="0.003" /><testcase classname="tests.test_services.db.test_schema_diagnostics" name="test_validate_all_returns_warning_status_when_no_errors[asyncio]" time="0.002" /><testcase classname="tests.test_services.db.test_schema_diagnostics" name="test_get_validation_summary_formats_sections" time="0.001" /><testcase classname="tests.test_services.db.test_security" name="test_validate_table_name_accepts_valid_name" time="0.001" /><testcase classname="tests.test_services.db.test_security" name="test_validate_table_name_rejects_invalid_values[]" time="0.001" /><testcase classname="tests.test_services.db.test_security" name="test_validate_table_name_rejects_invalid_values[bad;name]" time="0.001" /><testcase classname="tests.test_services.db.test_security" name="test_validate_table_name_rejects_invalid_values[bad name]" time="0.001" /><testcase classname="tests.test_services.db.test_security" name="test_validate_table_name_rejects_invalid_values[bad'name]" time="0.001" /><testcase classname="tests.test_services.db.test_security" name="test_validate_column_name_accepts_dot_notation" time="0.002" /><testcase classname="tests.test_services.db.test_security" name="test_validate_column_name_rejects_invalid_values[]" time="0.001" /><testcase classname="tests.test_services.db.test_security" name="test_validate_column_name_rejects_invalid_values[bad-name]" time="0.001" /><testcase classname="tests.test_services.db.test_security" name="test_validate_column_name_rejects_invalid_values[bad name]" time="0.001" /><testcase classname="tests.test_services.db.test_security" name="test_validate_column_name_rejects_invalid_values[bad;]" time="0.001" /><testcase classname="tests.test_services.db.test_security" name="test_validate_filter_value_accepts_supported_types" time="0.001" /><testcase classname="tests.test_services.db.test_security" name="test_validate_filter_value_rejects_unsupported_type" time="0.001" /><testcase classname="tests.test_services.db.test_security" name="test_query_audit_logs_slow_query" time="0.001" /><testcase classname="tests.test_services.db.test_security" name="test_track_query_time_async_success[asyncio]" time="0.004" /><testcase classname="tests.test_services.db.test_security" name="test_delete_documents_by_filter_returns_deleted_count[asyncio]" time="0.003" /><testcase classname="tests.test_services.db.test_security" name="test_get_document_by_id_returns_data[asyncio]" time="0.003" /><testcase classname="tests.test_services.db.test_security" name="test_get_document_by_id_propagates_exception[asyncio]" time="0.002" /><testcase classname="tests.test_services.db.test_security" name="test_track_query_time_sync_failure" time="0.001" /><testcase classname="tests.test_services.db.test_security" name="test_suggest_indexes_returns_recommendations" time="0.001" /><testcase classname="tests.test_services.embedding.test_embedding_service_main.TestEmbeddingHealth" name="test_health_endpoint" time="0.067" /><testcase classname="tests.test_services.embedding.test_embedding_service_main.TestEmbeddingAuth" name="test_embed_rejects_unauthorized_when_token_enabled" time="0.038" /><testcase classname="tests.test_services.embedding.test_embedding_service_main.TestEmbeddingAuth" name="test_embed_skips_app_auth_when_disabled_for_modal" time="0.035" /><testcase classname="tests.test_services.embedding.test_embedding_service_main.TestEmbeddingAuth" name="test_embed_accepts_token_header" time="0.034" /><testcase classname="tests.test_services.embedding.test_embedding_service_main.TestEmbeddingAuth" name="test_embed_accepts_bearer_token_when_auth_enabled" time="0.036" /><testcase classname="tests.test_services.embedding.test_embedding_service_main.TestRootEndpoint" name="test_root_endpoint_returns_service_info" time="0.036" /><testcase classname="tests.test_services.embedding.test_embedding_service_main.TestEmbedSingle" name="test_embed_single_valid_text" time="0.000"><skipped type="pytest.skip" message="Mock fixtures not properly handling array shape conversion">/root/GitHub/VECINA/vecinita/backend/tests/test_services/embedding/test_embedding_service_main.py:128: Mock fixtures not properly handling array shape conversion</skipped></testcase><testcase classname="tests.test_services.embedding.test_embedding_service_main.TestEmbedSingle" name="test_embed_single_empty_text" time="0.042" /><testcase classname="tests.test_services.embedding.test_embedding_service_main.TestEmbedSingle" name="test_embed_single_missing_text" time="0.036" /><testcase classname="tests.test_services.embedding.test_embedding_service_main.TestEmbedSingle" name="test_embed_single_text_too_long" time="0.053" /><testcase classname="tests.test_services.embedding.test_embedding_service_main.TestEmbedBatch" name="test_embed_batch_multiple_texts" time="0.086" /><testcase classname="tests.test_services.embedding.test_embedding_service_main.TestEmbedBatch" name="test_embed_batch_single_text" time="0.099" /><testcase classname="tests.test_services.embedding.test_embedding_service_main.TestEmbedBatch" name="test_embed_batch_empty_list" time="0.085" /><testcase classname="tests.test_services.embedding.test_embedding_service_main.TestEmbedBatch" name="test_embed_batch_too_many_texts" time="0.050" /><testcase classname="tests.test_services.embedding.test_embedding_service_main.TestEmbedBatch" name="test_embed_batch_missing_texts" time="0.049" /><testcase classname="tests.test_services.embedding.test_embedding_service_main.TestConfigEndpoints" name="test_get_config" time="0.053" /><testcase classname="tests.test_services.embedding.test_embedding_service_main.TestConfigEndpoints" name="test_set_config_huggingface" time="0.046" /><testcase classname="tests.test_services.embedding.test_embedding_service_main.TestConfigEndpoints" name="test_set_config_locked_config" time="0.041" /><testcase classname="tests.test_services.embedding.test_embedding_service_main.TestConfigEndpoints" name="test_set_config_unsupported_provider" time="0.047" /><testcase classname="tests.test_services.embedding.test_embedding_service_main.TestConfigEndpoints" name="test_set_config_missing_fields" time="0.047" /><testcase classname="tests.test_services.embedding.test_embedding_service_main.TestSimilarityEndpoint" name="test_similarity_search" time="0.001"><skipped type="pytest.skip" message="sklearn not available in test environment">/root/GitHub/VECINA/vecinita/backend/tests/test_services/embedding/test_embedding_service_main.py:248: sklearn not available in test environment</skipped></testcase><testcase classname="tests.test_services.embedding.test_embedding_service_main.TestSimilarityEndpoint" name="test_similarity_results_sorted" time="0.072" /><testcase classname="tests.test_services.embedding.test_embedding_service_main.TestEmbedRequestModel" name="test_embed_request_valid" time="0.046" /><testcase classname="tests.test_services.embedding.test_embedding_service_main.TestEmbedRequestModel" name="test_embed_request_min_length" time="0.037" /><testcase classname="tests.test_services.embedding.test_embedding_service_main.TestEmbedRequestModel" name="test_embed_request_max_length" time="0.044" /><testcase classname="tests.test_services.embedding.test_embedding_service_main.TestBatchEmbedRequestModel" name="test_batch_embed_request_valid" time="0.042" /><testcase classname="tests.test_services.embedding.test_embedding_service_main.TestBatchEmbedRequestModel" name="test_batch_embed_request_min_items" time="0.036" /><testcase classname="tests.test_services.embedding.test_embedding_service_main.TestBatchEmbedRequestModel" name="test_batch_embed_request_max_items" time="0.047" /><testcase classname="tests.test_services.embedding.test_embedding_service_main.TestEmbeddingResponseModel" name="test_embedding_response_valid" time="0.046" /><testcase classname="tests.test_services.embedding.test_embedding_service_main.TestBatchEmbeddingResponseModel" name="test_batch_embedding_response_valid" time="0.041" /><testcase classname="tests.test_services.embedding.test_embedding_service_main.TestEmbeddingModelLoading" name="test_get_embedding_model_caches_result" time="0.000"><skipped type="pytest.skip" message="sentence_transformers not available in test environment">/root/GitHub/VECINA/vecinita/backend/tests/test_services/embedding/test_embedding_service_main.py:377: sentence_transformers not available in test environment</skipped></testcase><testcase classname="tests.test_services.embedding.test_embedding_service_main.TestEmbeddingModelLoading" name="test_get_embedding_model_raises_on_failure" time="0.000"><skipped type="pytest.skip" message="sentence_transformers not available in test environment">/root/GitHub/VECINA/vecinita/backend/tests/test_services/embedding/test_embedding_service_main.py:399: sentence_transformers not available in test environment</skipped></testcase><testcase classname="tests.test_services.embedding.test_embedding_service_modal.TestEmbeddingModalApp" name="test_module_loads" time="0.009" /><testcase classname="tests.test_services.embedding.test_embedding_service_modal.TestEmbeddingModalApp" name="test_mount_and_secret_configuration" time="0.007" /><testcase classname="tests.test_services.embedding.test_embedding_service_modal.TestEmbeddingModalApp" name="test_image_includes_backend_src" time="0.005" /><testcase classname="tests.test_services.embedding.test_embedding_service_modal.TestEmbeddingModalApp" name="test_web_app_disables_modal_proxy_auth" time="0.007" /><testcase classname="tests.test_services.embedding.test_embedding_service_modal.TestEmbeddingModalApp" name="test_web_app_callable" time="0.008" /><testcase classname="tests.test_services.embedding.test_embedding_service_modal.TestEmbeddingModalApp" name="test_health_callable" time="0.007" /><testcase classname="tests.test_services.embedding.test_models" name="test_embedding_model_defaults" time="0.001" /><testcase classname="tests.test_services.embedding.test_models" name="test_embedding_service_config_defaults" time="0.001" /><testcase classname="tests.test_services.embedding.test_models" name="test_embedding_result_and_batch_result_round_trip" time="0.001" /><testcase classname="tests.test_services.embedding.test_models" name="test_similarity_score_validates_range" time="0.001" /><testcase classname="tests.test_services.embedding.test_models" name="test_dimensionality_fields" time="0.001" /><testcase classname="tests.test_services.scraper.test_html_cleaner" name="test_html_cleaner" time="0.008" /><testcase classname="tests.test_services.scraper.test_scraper_advanced.TestScraperEdgeCases" name="test_processor_with_no_metadata" time="0.003" /><testcase classname="tests.test_services.scraper.test_scraper_advanced.TestScraperEdgeCases" name="test_link_tracker_with_duplicate_links" time="0.001" /><testcase classname="tests.test_services.scraper.test_scraper_advanced.TestScraperEdgeCases" name="test_config_with_invalid_depth" time="0.004" /><testcase classname="tests.test_services.scraper.test_scraper_advanced.TestScraperEdgeCases" name="test_clean_text_with_only_noise" time="0.001" /><testcase classname="tests.test_services.scraper.test_scraper_advanced.TestScraperEdgeCases" name="test_url_with_special_characters" time="0.002" /><testcase classname="tests.test_services.scraper.test_scraper_advanced.TestScraperEdgeCases" name="test_very_large_chunk_splitting" time="0.093" /><testcase classname="tests.test_services.scraper.test_scraper_advanced.TestScraperWithMockedRequests" name="test_playwright_loader_error_handling" time="20.303" /><testcase classname="tests.test_services.scraper.test_scraper_advanced.TestScraperWithMockedRequests" name="test_recursive_loader_with_depth" time="0.532" /><testcase classname="tests.test_services.scraper.test_scraper_advanced.TestScraperFileOperations" name="test_write_chunks_creates_output_file" time="6.325" /><testcase classname="tests.test_services.scraper.test_scraper_advanced.TestScraperFileOperations" name="test_append_to_existing_output_file" time="14.727" /><testcase classname="tests.test_services.scraper.test_scraper_advanced.TestScraperFileOperations" name="test_failed_log_accumulation" time="0.220" /><testcase classname="tests.test_services.scraper.test_scraper_advanced.TestScraperConcurrency" name="test_rate_limiting_applied" time="9.500" /><testcase classname="tests.test_services.scraper.test_scraper_enhancements.TestLinkExtraction" name="test_extract_outbound_links_filters_and_normalizes" time="0.499" /><testcase classname="tests.test_services.scraper.test_scraper_enhancements.TestUploaderPayload" name="test_loader_type_stored_in_metadata_not_top_level" time="0.311" /><testcase classname="tests.test_services.scraper.test_scraper_enhancements.TestFallbackProcessing" name="test_playwright_fallback_when_no_chunks" time="9.111" /><testcase classname="tests.test_services.scraper.test_scraper_loaders_expanded.TestSmartLoaderClass" name="test_smart_loader_creation" time="0.136" /><testcase classname="tests.test_services.scraper.test_scraper_loaders_expanded.TestSmartLoaderClass" name="test_smart_loader_init_with_config" time="0.180" /><testcase classname="tests.test_services.scraper.test_scraper_loaders_expanded.TestLoadUrlBasic" name="test_load_url_skipped" time="0.564" /><testcase classname="tests.test_services.scraper.test_scraper_loaders_expanded.TestLoadUrlBasic" name="test_load_url_not_skipped" time="0.407" /><testcase classname="tests.test_services.scraper.test_scraper_loaders_expanded.TestLoadUrlBasic" name="test_load_url_error_handling" time="1.339" /><testcase classname="tests.test_services.scraper.test_scraper_loaders_expanded.TestForceLoader" name="test_load_url_with_forced_loader" time="0.211" /><testcase classname="tests.test_services.scraper.test_scraper_loaders_expanded.TestDocumentMetadata" name="test_load_url_document_summary" time="0.161" /><testcase classname="tests.test_services.scraper.test_scraper_loaders_expanded.TestDocumentMetadata" name="test_load_url_missing_metadata" time="0.222" /><testcase classname="tests.test_services.scraper.test_scraper_loaders_expanded.TestLoaderTypeSelection" name="test_select_and_load_returns_tuple" time="0.152" /><testcase classname="tests.test_services.scraper.test_scraper_loaders_expanded.TestLoaderTypeSelection" name="test_select_and_load_retries_playwright_after_standard_failure" time="0.065" /><testcase classname="tests.test_services.scraper.test_scraper_loaders_expanded.TestURLHandling" name="test_load_url_with_failed_log" time="1.166" /><testcase classname="tests.test_services.scraper.test_scraper_loaders_expanded.TestURLHandling" name="test_load_url_github_conversion" time="0.182" /><testcase classname="tests.test_services.scraper.test_scraper_loaders_expanded.TestLoaderConfiguration" name="test_get_crawl_config" time="0.154" /><testcase classname="tests.test_services.scraper.test_scraper_loaders_expanded.TestLoaderConfiguration" name="test_needs_playwright_detection" time="0.043" /><testcase classname="tests.test_services.scraper.test_scraper_loaders_expanded.TestLoaderConfiguration" name="test_csv_file_detection" time="0.139" /><testcase classname="tests.test_services.scraper.test_scraper_loaders_expanded.TestDocumentProcessing" name="test_load_url_document_content_access" time="0.318" /><testcase classname="tests.test_services.scraper.test_scraper_loaders_expanded.TestLoaderErrors" name="test_load_url_network_timeout" time="0.233" /><testcase classname="tests.test_services.scraper.test_scraper_loaders_expanded.TestLoaderErrors" name="test_load_url_invalid_content" time="0.443" /><testcase classname="tests.test_services.scraper.test_scraper_loaders_expanded.TestLoaderPerformance" name="test_load_url_timing" time="0.549" /><testcase classname="tests.test_services.scraper.test_scraper_loaders_expanded.TestLoaderPerformance" name="test_load_url_document_statistics" time="0.104" /><testcase classname="tests.test_services.scraper.test_scraper_modal_app" name="test_scraper_modal_app_loads" time="0.204" /><testcase classname="tests.test_services.scraper.test_scraper_modal_app" name="test_scraper_modal_schedule_default" time="0.209" /><testcase classname="tests.test_services.scraper.test_scraper_module.TestScraperConfig" name="test_config_initialization" time="0.050" /><testcase classname="tests.test_services.scraper.test_scraper_module.TestScraperConfig" name="test_config_directory_paths" time="0.032" /><testcase classname="tests.test_services.scraper.test_scraper_module.TestScraperConfig" name="test_load_config_missing_file" time="0.114" /><testcase classname="tests.test_services.scraper.test_scraper_module.TestScraperConfig" name="test_load_config_list" time="0.195" /><testcase classname="tests.test_services.scraper.test_scraper_module.TestScraperConfig" name="test_load_recursive_config" time="0.164" /><testcase classname="tests.test_services.scraper.test_scraper_module.TestScraperUtils" name="test_normalize_scrape_url" time="0.148" /><testcase classname="tests.test_services.scraper.test_scraper_module.TestScraperUtils" name="test_convert_github_to_raw" time="0.104" /><testcase classname="tests.test_services.scraper.test_scraper_module.TestScraperUtils" name="test_convert_non_github_url_unchanged" time="0.517" /><testcase classname="tests.test_services.scraper.test_scraper_module.TestScraperUtils" name="test_prepare_scrape_urls_dedupes_and_converts_github" time="0.617" /><testcase classname="tests.test_services.scraper.test_scraper_module.TestScraperUtils" name="test_should_skip_url_matching" time="0.116" /><testcase classname="tests.test_services.scraper.test_scraper_module.TestScraperUtils" name="test_needs_playwright" time="0.063" /><testcase classname="tests.test_services.scraper.test_scraper_module.TestScraperUtils" name="test_is_csv_file_detection" time="0.306" /><testcase classname="tests.test_services.scraper.test_scraper_module.TestScraperUtils" name="test_get_crawl_config_matching" time="0.082" /><testcase classname="tests.test_services.scraper.test_scraper_module.TestScraperUtils" name="test_get_crawl_config_no_match" time="0.126" /><testcase classname="tests.test_services.scraper.test_scraper_module.TestScraperUtils" name="test_clean_text" time="0.230" /><testcase classname="tests.test_services.scraper.test_scraper_module.TestScraperUtils" name="test_download_file_success" time="0.192" /><testcase classname="tests.test_services.scraper.test_scraper_module.TestScraperUtils" name="test_download_file_failure" time="0.088" /><testcase classname="tests.test_services.scraper.test_scraper_module.TestScraperUtils" name="test_write_to_failed_log" time="0.561" /><testcase classname="tests.test_services.scraper.test_scraper_module.TestSmartLoader" name="test_loader_initialization" time="0.069" /><testcase classname="tests.test_services.scraper.test_scraper_module.TestSmartLoader" name="test_load_url_skips_matching" time="0.171" /><testcase classname="tests.test_services.scraper.test_scraper_module.TestSmartLoader" name="test_load_url_with_forced_unstructured_loader" time="2.214" /><testcase classname="tests.test_services.scraper.test_scraper_module.TestDocumentProcessor" name="test_processor_initialization" time="0.146" /><testcase classname="tests.test_services.scraper.test_scraper_module.TestDocumentProcessor" name="test_process_documents_empty_list" time="0.110" /><testcase classname="tests.test_services.scraper.test_scraper_module.TestDocumentProcessor" name="test_process_documents_with_content" time="0.871" /><testcase classname="tests.test_services.scraper.test_scraper_module.TestLinkTracker" name="test_link_tracker_initialization" time="0.220" /><testcase classname="tests.test_services.scraper.test_scraper_module.TestLinkTracker" name="test_add_links" time="0.075" /><testcase classname="tests.test_services.scraper.test_scraper_module.TestLinkTracker" name="test_get_summary" time="0.283" /><testcase classname="tests.test_services.scraper.test_scraper_module.TestLinkTracker" name="test_save_links_to_file" time="0.777" /><testcase classname="tests.test_services.scraper.test_scraper_module.TestVecinaScraper" name="test_scraper_initialization" time="15.084" /><testcase classname="tests.test_services.scraper.test_scraper_module.TestVecinaScraper" name="test_scraper_stats_initialization" time="16.150" /><testcase classname="tests.test_services.scraper.test_scraper_module.TestVecinaScraper" name="test_scrape_urls_empty_list" time="6.909" /><testcase classname="tests.test_services.scraper.test_scraper_upload_chunks.TestUploadChunksFromFile" name="test_upload_chunks_from_file_success" time="14.135" /><testcase classname="tests.test_services.scraper.test_scraper_upload_chunks.TestUploadChunksFromFile" name="test_upload_chunks_source_detection" time="10.666" /><testcase classname="tests.test_services.scraper.test_scraper_upload_chunks.TestUploadChunksFromFile" name="test_upload_chunks_loader_detection" time="14.186" /><testcase classname="tests.test_services.scraper.test_scraper_upload_chunks.TestUploadChunksFromFile" name="test_upload_chunks_separator_skipping" time="9.383" /><testcase classname="tests.test_services.scraper.test_scraper_upload_chunks.TestUploadChunksFromFile" name="test_upload_chunks_with_metadata" time="30.637" /><testcase classname="tests.test_services.scraper.test_scraper_upload_chunks.TestUploadChunksFromFile" name="test_upload_chunks_missing_file" time="28.448" /><testcase classname="tests.test_services.scraper.test_scraper_upload_chunks.TestUploadChunksFromFile" name="test_upload_chunks_no_uploader" time="19.182" /><testcase classname="tests.test_services.scraper.test_scraper_upload_chunks.TestUploadChunksFromFile" name="test_upload_chunks_empty_file" time="34.967" /><testcase classname="tests.test_services.scraper.test_scraper_upload_chunks.TestUploadChunksFromFile" name="test_upload_chunks_batch_grouping" time="47.629" /><testcase classname="tests.test_services.scraper.test_scraper_upload_chunks.TestUploadChunksFromFile" name="test_upload_chunks_call_signature" time="55.766" /><testcase classname="tests.test_services.scraper.test_scraper_upload_chunks.TestUploadChunksFromFile" name="test_upload_chunks_with_upload_failure" time="9.340" /><testcase classname="tests.test_services.scraper.test_scraper_upload_chunks.TestUploadChunksFromFile" name="test_upload_chunks_uploader_exception" time="9.592" /><testcase classname="tests.test_services.scraper.test_scraper_upload_chunks.TestUploadChunksFromFile" name="test_upload_chunks_metadata_parse_error" time="24.231" /><testcase classname="tests.test_services.scraper.test_scraper_upload_chunks.TestUploadChunksFromFile" name="test_upload_chunks_stats_tracking" time="19.609" /><testcase classname="tests.test_services.scraper.test_scraper_upload_chunks.TestUploadChunksFromFile" name="test_upload_chunks_large_file" time="7.153" /><testcase classname="tests.test_services.scraper.test_scraper_upload_chunks.TestUploadChunksLoggingOutput" name="test_logging_contains_all_required_fields" time="29.748" /><testcase classname="tests.test_services.scraper.test_scraper_uploader_expanded.TestDocumentChunkDataclass" name="test_document_chunk_creation" time="0.586"><skipped type="pytest.skip" message="Legacy Supabase uploader contract tests; uploader now targets Chroma store.">/root/GitHub/VECINA/vecinita/backend/tests/test_services/scraper/test_scraper_uploader_expanded.py:22: Legacy Supabase uploader contract tests; uploader now targets Chroma store.</skipped></testcase><testcase classname="tests.test_services.scraper.test_scraper_uploader_expanded.TestDocumentChunkDataclass" name="test_document_chunk_optional_fields" time="0.295"><skipped type="pytest.skip" message="Legacy Supabase uploader contract tests; uploader now targets Chroma store.">/root/GitHub/VECINA/vecinita/backend/tests/test_services/scraper/test_scraper_uploader_expanded.py:38: Legacy Supabase uploader contract tests; uploader now targets Chroma store.</skipped></testcase><testcase classname="tests.test_services.scraper.test_scraper_uploader_expanded.TestDocumentChunkDataclass" name="test_document_chunk_defaults" time="0.370"><skipped type="pytest.skip" message="Legacy Supabase uploader contract tests; uploader now targets Chroma store.">/root/GitHub/VECINA/vecinita/backend/tests/test_services/scraper/test_scraper_uploader_expanded.py:53: Legacy Supabase uploader contract tests; uploader now targets Chroma store.</skipped></testcase><testcase classname="tests.test_services.scraper.test_scraper_uploader_expanded.TestDatabaseUploaderInitialization" name="test_uploader_init_with_local_embeddings" time="0.548"><skipped type="pytest.skip" message="Legacy Supabase uploader contract tests; uploader now targets Chroma store.">/root/GitHub/VECINA/vecinita/backend/tests/test_services/scraper/test_scraper_uploader_expanded.py:72: Legacy Supabase uploader contract tests; uploader now targets Chroma store.</skipped></testcase><testcase classname="tests.test_services.scraper.test_scraper_uploader_expanded.TestDatabaseUploaderInitialization" name="test_uploader_init_missing_supabase" time="0.762"><skipped type="pytest.skip" message="Legacy Supabase uploader contract tests; uploader now targets Chroma store.">/root/GitHub/VECINA/vecinita/backend/tests/test_services/scraper/test_scraper_uploader_expanded.py:89: Legacy Supabase uploader contract tests; uploader now targets Chroma store.</skipped></testcase><testcase classname="tests.test_services.scraper.test_scraper_uploader_expanded.TestDatabaseUploaderInitialization" name="test_uploader_missing_supabase_credentials" time="0.422"><skipped type="pytest.skip" message="Legacy Supabase uploader contract tests; uploader now targets Chroma store.">/root/GitHub/VECINA/vecinita/backend/tests/test_services/scraper/test_scraper_uploader_expanded.py:97: Legacy Supabase uploader contract tests; uploader now targets Chroma store.</skipped></testcase><testcase classname="tests.test_services.scraper.test_scraper_uploader_expanded.TestEmbeddingInitialization" name="test_init_embeddings_with_service" time="0.100"><skipped type="pytest.skip" message="Legacy Supabase uploader contract tests; uploader now targets Chroma store.">/root/GitHub/VECINA/vecinita/backend/tests/test_services/scraper/test_scraper_uploader_expanded.py:115: Legacy Supabase uploader contract tests; uploader now targets Chroma store.</skipped></testcase><testcase classname="tests.test_services.scraper.test_scraper_uploader_expanded.TestEmbeddingInitialization" name="test_init_embeddings_fallback_to_fastembed" time="0.647"><skipped type="pytest.skip" message="Legacy Supabase uploader contract tests; uploader now targets Chroma store.">/root/GitHub/VECINA/vecinita/backend/tests/test_services/scraper/test_scraper_uploader_expanded.py:131: Legacy Supabase uploader contract tests; uploader now targets Chroma store.</skipped></testcase><testcase classname="tests.test_services.scraper.test_scraper_uploader_expanded.TestEmbeddingInitialization" name="test_init_embeddings_fallback_to_huggingface" time="0.223"><skipped type="pytest.skip" message="Legacy Supabase uploader contract tests; uploader now targets Chroma store.">/root/GitHub/VECINA/vecinita/backend/tests/test_services/scraper/test_scraper_uploader_expanded.py:152: Legacy Supabase uploader contract tests; uploader now targets Chroma store.</skipped></testcase><testcase classname="tests.test_services.scraper.test_scraper_uploader_expanded.TestEmbeddingInitialization" name="test_init_embeddings_all_fail" time="0.778"><skipped type="pytest.skip" message="Legacy Supabase uploader contract tests; uploader now targets Chroma store.">/root/GitHub/VECINA/vecinita/backend/tests/test_services/scraper/test_scraper_uploader_expanded.py:173: Legacy Supabase uploader contract tests; uploader now targets Chroma store.</skipped></testcase><testcase classname="tests.test_services.scraper.test_scraper_uploader_expanded.TestSupabaseInitialization" name="test_init_supabase_success" time="0.709"><skipped type="pytest.skip" message="Legacy Supabase uploader contract tests; uploader now targets Chroma store.">/root/GitHub/VECINA/vecinita/backend/tests/test_services/scraper/test_scraper_uploader_expanded.py:193: Legacy Supabase uploader contract tests; uploader now targets Chroma store.</skipped></testcase><testcase classname="tests.test_services.scraper.test_scraper_uploader_expanded.TestSupabaseInitialization" name="test_init_supabase_missing_url" time="0.905"><skipped type="pytest.skip" message="Legacy Supabase uploader contract tests; uploader now targets Chroma store.">/root/GitHub/VECINA/vecinita/backend/tests/test_services/scraper/test_scraper_uploader_expanded.py:217: Legacy Supabase uploader contract tests; uploader now targets Chroma store.</skipped></testcase><testcase classname="tests.test_services.scraper.test_scraper_uploader_expanded.TestSupabaseInitialization" name="test_init_supabase_missing_key" time="1.621"><skipped type="pytest.skip" message="Legacy Supabase uploader contract tests; uploader now targets Chroma store.">/root/GitHub/VECINA/vecinita/backend/tests/test_services/scraper/test_scraper_uploader_expanded.py:232: Legacy Supabase uploader contract tests; uploader now targets Chroma store.</skipped></testcase><testcase classname="tests.test_services.scraper.test_scraper_uploader_expanded.TestUploadChunks" name="test_upload_chunks_basic" time="2.345"><skipped type="pytest.skip" message="Legacy Supabase uploader contract tests; uploader now targets Chroma store.">/root/GitHub/VECINA/vecinita/backend/tests/test_services/scraper/test_scraper_uploader_expanded.py:255: Legacy Supabase uploader contract tests; uploader now targets Chroma store.</skipped></testcase><testcase classname="tests.test_services.scraper.test_scraper_uploader_expanded.TestUploadChunks" name="test_upload_chunks_empty_list" time="1.660"><skipped type="pytest.skip" message="Legacy Supabase uploader contract tests; uploader now targets Chroma store.">/root/GitHub/VECINA/vecinita/backend/tests/test_services/scraper/test_scraper_uploader_expanded.py:306: Legacy Supabase uploader contract tests; uploader now targets Chroma store.</skipped></testcase><testcase classname="tests.test_services.scraper.test_scraper_uploader_expanded.TestUploadChunks" name="test_upload_chunks_propagates_source_tags" time="2.947"><skipped type="pytest.skip" message="Legacy Supabase uploader contract tests; uploader now targets Chroma store.">/root/GitHub/VECINA/vecinita/backend/tests/test_services/scraper/test_scraper_uploader_expanded.py:331: Legacy Supabase uploader contract tests; uploader now targets Chroma store.</skipped></testcase><testcase classname="tests.test_services.scraper.test_scraper_uploader_expanded.TestUploadChunks" name="test_upload_chunks_batch_size" time="6.400"><skipped type="pytest.skip" message="Legacy Supabase uploader contract tests; uploader now targets Chroma store.">/root/GitHub/VECINA/vecinita/backend/tests/test_services/scraper/test_scraper_uploader_expanded.py:387: Legacy Supabase uploader contract tests; uploader now targets Chroma store.</skipped></testcase><testcase classname="tests.test_services.scraper.test_uploader_chroma_metadata" name="test_upload_chunks_omits_empty_tags_and_sets_source_locator" time="23.647" /><testcase classname="tests.test_services.scraper.test_uploader_chroma_metadata" name="test_chunk_id_is_stable_for_upsert_updates" time="31.472" /><testcase classname="tests.test_services.scraper.test_uploader_chroma_metadata" name="test_upload_chunks_uses_local_llm_structured_tags_when_available" time="6.160" /><testcase classname="tests.test_services.scraper.test_uploader_chroma_metadata" name="test_upload_chunks_merges_local_llm_facets_into_search_tags_and_metadata" time="6.022" /><testcase time="0.001" /></testsuite></testsuites>